
There are no discarded input sections

Memory Configuration

Name             Origin             Length             Attributes
SRAM             0x20081f00         0x000000fc         xr
*default*        0x00000000         0xffffffff

Linker script and memory map

                0x20081f00                        . = ORIGIN (SRAM)

.text           0x20081f00       0xa0
                0x20081f00                        _start = .
 *(.entry)
 *(.text)
 .text          0x20081f00       0xa0 CMakeFiles/bs2_default.dir/compile_time_choice.S.o
                0x20081f00                _stage2_boot
                0x20081f92                read_flash_sreg
LOAD CMakeFiles/bs2_default.dir/compile_time_choice.S.o
LOAD /home/sanka/projects/neuroflight/tools/riscv-gnu-toolchain/build/lib/gcc/riscv32-unknown-elf/15.1.0/libgcc.a
START GROUP
LOAD /home/sanka/projects/neuroflight/tools/riscv-gnu-toolchain/build/lib/gcc/riscv32-unknown-elf/15.1.0/../../../../riscv32-unknown-elf/lib/libc.a
END GROUP
LOAD /home/sanka/projects/neuroflight/tools/riscv-gnu-toolchain/build/lib/gcc/riscv32-unknown-elf/15.1.0/libgcc.a
START GROUP
LOAD /home/sanka/projects/neuroflight/tools/riscv-gnu-toolchain/build/lib/gcc/riscv32-unknown-elf/15.1.0/libgcc.a
LOAD /home/sanka/projects/neuroflight/tools/riscv-gnu-toolchain/build/lib/gcc/riscv32-unknown-elf/15.1.0/../../../../riscv32-unknown-elf/lib/libc.a
LOAD /home/sanka/projects/neuroflight/tools/riscv-gnu-toolchain/build/lib/gcc/riscv32-unknown-elf/15.1.0/../../../../riscv32-unknown-elf/lib/libnosys.a
END GROUP
OUTPUT(bs2_default.elf elf32-littleriscv)

.data           0x20081fa0        0x0
 .data          0x20081fa0        0x0 CMakeFiles/bs2_default.dir/compile_time_choice.S.o

.bss            0x20081fa0        0x0
 .bss           0x20081fa0        0x0 CMakeFiles/bs2_default.dir/compile_time_choice.S.o

.riscv.attributes
                0x00000000       0x83
 .riscv.attributes
                0x00000000       0x83 CMakeFiles/bs2_default.dir/compile_time_choice.S.o

.debug_line     0x00000000      0x1cd
 .debug_line    0x00000000      0x1cd CMakeFiles/bs2_default.dir/compile_time_choice.S.o

.debug_line_str
                0x00000000      0x146
 .debug_line_str
                0x00000000      0x146 CMakeFiles/bs2_default.dir/compile_time_choice.S.o

.debug_info     0x00000000       0x25
 .debug_info    0x00000000       0x25 CMakeFiles/bs2_default.dir/compile_time_choice.S.o

.debug_abbrev   0x00000000       0x14
 .debug_abbrev  0x00000000       0x14 CMakeFiles/bs2_default.dir/compile_time_choice.S.o

.debug_aranges  0x00000000       0x20
 .debug_aranges
                0x00000000       0x20 CMakeFiles/bs2_default.dir/compile_time_choice.S.o

.debug_str      0x00000000       0xb8
 .debug_str     0x00000000       0xb8 CMakeFiles/bs2_default.dir/compile_time_choice.S.o
