Archive member included to satisfy reference by file (symbol)

/home/sanka/projects/neuroflight/tools/riscv-gnu-toolchain/build/lib/gcc/riscv32-unknown-elf/15.1.0/libgcc.a(_divdi3.o)
                              CMakeFiles/neuroflight.dir/home/sanka/projects/neuroflight/tools/pico/pico-sdk/src/common/pico_time/time.c.o (__divdi3)
/home/sanka/projects/neuroflight/tools/riscv-gnu-toolchain/build/lib/gcc/riscv32-unknown-elf/15.1.0/libgcc.a(_moddi3.o)
                              CMakeFiles/neuroflight.dir/home/sanka/projects/neuroflight/tools/pico/pico-sdk/src/common/pico_util/datetime.c.o (__moddi3)
/home/sanka/projects/neuroflight/tools/riscv-gnu-toolchain/build/lib/gcc/riscv32-unknown-elf/15.1.0/libgcc.a(_udivdi3.o)
                              CMakeFiles/neuroflight.dir/home/sanka/projects/neuroflight/tools/pico/pico-sdk/src/rp2_common/hardware_clocks/clocks.c.o (__udivdi3)
/home/sanka/projects/neuroflight/tools/riscv-gnu-toolchain/build/lib/gcc/riscv32-unknown-elf/15.1.0/libgcc.a(_umoddi3.o)
                              CMakeFiles/neuroflight.dir/home/sanka/projects/neuroflight/tools/pico/pico-sdk/src/rp2_common/pico_divider/divider_compiler.c.o (__umoddi3)
/home/sanka/projects/neuroflight/tools/riscv-gnu-toolchain/build/lib/gcc/riscv32-unknown-elf/15.1.0/libgcc.a(adddf3.o)
                              CMakeFiles/neuroflight.dir/home/sanka/projects/neuroflight/tools/pico/pico-sdk/src/rp2_common/pico_printf/printf.c.o (__adddf3)
/home/sanka/projects/neuroflight/tools/riscv-gnu-toolchain/build/lib/gcc/riscv32-unknown-elf/15.1.0/libgcc.a(divdf3.o)
                              CMakeFiles/neuroflight.dir/home/sanka/projects/neuroflight/tools/pico/pico-sdk/src/rp2_common/pico_printf/printf.c.o (__divdf3)
/home/sanka/projects/neuroflight/tools/riscv-gnu-toolchain/build/lib/gcc/riscv32-unknown-elf/15.1.0/libgcc.a(gedf2.o)
                              CMakeFiles/neuroflight.dir/home/sanka/projects/neuroflight/tools/pico/pico-sdk/src/rp2_common/pico_printf/printf.c.o (__gedf2)
/home/sanka/projects/neuroflight/tools/riscv-gnu-toolchain/build/lib/gcc/riscv32-unknown-elf/15.1.0/libgcc.a(ledf2.o)
                              CMakeFiles/neuroflight.dir/home/sanka/projects/neuroflight/tools/pico/pico-sdk/src/rp2_common/pico_printf/printf.c.o (__ltdf2)
/home/sanka/projects/neuroflight/tools/riscv-gnu-toolchain/build/lib/gcc/riscv32-unknown-elf/15.1.0/libgcc.a(muldf3.o)
                              CMakeFiles/neuroflight.dir/home/sanka/projects/neuroflight/tools/pico/pico-sdk/src/rp2_common/pico_printf/printf.c.o (__muldf3)
/home/sanka/projects/neuroflight/tools/riscv-gnu-toolchain/build/lib/gcc/riscv32-unknown-elf/15.1.0/libgcc.a(subdf3.o)
                              CMakeFiles/neuroflight.dir/home/sanka/projects/neuroflight/tools/pico/pico-sdk/src/rp2_common/pico_printf/printf.c.o (__subdf3)
/home/sanka/projects/neuroflight/tools/riscv-gnu-toolchain/build/lib/gcc/riscv32-unknown-elf/15.1.0/libgcc.a(unorddf2.o)
                              CMakeFiles/neuroflight.dir/home/sanka/projects/neuroflight/tools/pico/pico-sdk/src/rp2_common/pico_printf/printf.c.o (__unorddf2)
/home/sanka/projects/neuroflight/tools/riscv-gnu-toolchain/build/lib/gcc/riscv32-unknown-elf/15.1.0/libgcc.a(fixdfsi.o)
                              CMakeFiles/neuroflight.dir/home/sanka/projects/neuroflight/tools/pico/pico-sdk/src/rp2_common/pico_printf/printf.c.o (__fixdfsi)
/home/sanka/projects/neuroflight/tools/riscv-gnu-toolchain/build/lib/gcc/riscv32-unknown-elf/15.1.0/libgcc.a(fixunsdfsi.o)
                              CMakeFiles/neuroflight.dir/home/sanka/projects/neuroflight/tools/pico/pico-sdk/src/rp2_common/pico_printf/printf.c.o (__fixunsdfsi)
/home/sanka/projects/neuroflight/tools/riscv-gnu-toolchain/build/lib/gcc/riscv32-unknown-elf/15.1.0/libgcc.a(floatsidf.o)
                              CMakeFiles/neuroflight.dir/home/sanka/projects/neuroflight/tools/pico/pico-sdk/src/rp2_common/pico_printf/printf.c.o (__floatsidf)
/home/sanka/projects/neuroflight/tools/riscv-gnu-toolchain/build/lib/gcc/riscv32-unknown-elf/15.1.0/libgcc.a(floatunsidf.o)
                              CMakeFiles/neuroflight.dir/home/sanka/projects/neuroflight/tools/pico/pico-sdk/src/rp2_common/pico_printf/printf.c.o (__floatunsidf)
/home/sanka/projects/neuroflight/tools/riscv-gnu-toolchain/build/lib/gcc/riscv32-unknown-elf/15.1.0/libgcc.a(_clz.o)
                              /home/sanka/projects/neuroflight/tools/riscv-gnu-toolchain/build/lib/gcc/riscv32-unknown-elf/15.1.0/libgcc.a(_divdi3.o) (__clz_tab)
/home/sanka/projects/neuroflight/tools/riscv-gnu-toolchain/build/lib/gcc/riscv32-unknown-elf/15.1.0/../../../../riscv32-unknown-elf/lib/libc.a(libc_a-calloc.o)
                              CMakeFiles/neuroflight.dir/home/sanka/projects/neuroflight/tools/pico/pico-sdk/src/rp2_common/pico_malloc/malloc.c.o (calloc)
[...]
Memory Configuration

Name             Origin             Length             Attributes
FLASH            0x10000000         0x00400000         xr
RAM              0x20000000         0x00080000         xrw
SCRATCH_X        0x20080000         0x00001000         xrw
SCRATCH_Y        0x20081000         0x00001000         xrw
*default*        0x00000000         0xffffffff

Linker script and memory map

LOAD /home/sanka/projects/neuroflight/tools/riscv-gnu-toolchain/build/lib/gcc/riscv32-unknown-elf/15.1.0/../../../../riscv32-unknown-elf/lib/crt0.o
LOAD /home/sanka/projects/neuroflight/tools/riscv-gnu-toolchain/build/lib/gcc/riscv32-unknown-elf/15.1.0/crtbegin.o

.flash_begin    0x10000000        0x0
                0x10000000                        __flash_binary_start = .

.text           0x10000000     0x4ea8
                0x10000000                        __logical_binary_start = .
 *(.vectors)
 *(.binary_info_header)
 .binary_info_header
                0x10000000       0x14 CMakeFiles/neuroflight.dir/home/sanka/projects/neuroflight/tools/pico/pico-sdk/src/rp2_common/pico_crt0/crt0_riscv.S.o
                0x10000014                        __binary_info_header_end = .
 *(.embedded_block)
 .embedded_block
                0x10000014       0x20 CMakeFiles/neuroflight.dir/home/sanka/projects/neuroflight/tools/pico/pico-sdk/src/rp2_common/pico_crt0/crt0_riscv.S.o
                0x10000034                        __embedded_block_end = .
 *(.reset)
 .reset         0x10000034       0xa6 CMakeFiles/neuroflight.dir/home/sanka/projects/neuroflight/tools/pico/pico-sdk/src/rp2_common/pico_crt0/crt0_riscv.S.o
                0x10000034                _entry_point
 *(.init)
 *libgcc.a:cmse_nonsecure_call.o()
 *(EXCLUDE_FILE(*libm.a: *libc.a:*lib_a-mem*.o *libgcc.a:) .text*)
 *fill*         0x100000da        0x2 
 .text          0x100000dc       0x6c /home/sanka/projects/neuroflight/tools/riscv-gnu-toolchain/build/lib/gcc/riscv32-unknown-elf/15.1.0/crtbegin.o
 .text.startup.main
                0x10000148       0x30 CMakeFiles/neuroflight.dir/src/main.c.o
                0x10000148                main
 .text.gpio_init
                0x10000178       0x3e CMakeFiles/neuroflight.dir/home/sanka/projects/neuroflight/tools/pico/pico-sdk/src/rp2_common/hardware_gpio/gpio.c.o
                0x10000178                gpio_init
 .text.panic    0x100001b6       0x40 CMakeFiles/neuroflight.dir/home/sanka/projects/neuroflight/tools/pico/pico-sdk/src/rp2_common/pico_platform_panic/panic.c.o
                0x100001b6                panic
 .text.hw_claim_or_assert
                0x100001f6       0x66 CMakeFiles/neuroflight.dir/home/sanka/projects/neuroflight/tools/pico/pico-sdk/src/common/hardware_claim/claim.c.o
                0x100001f6                hw_claim_or_assert
 .text.hw_claim_unused_from_range
                0x1000025c       0x84 CMakeFiles/neuroflight.dir/home/sanka/projects/neuroflight/tools/pico/pico-sdk/src/common/hardware_claim/claim.c.o
                0x1000025c                hw_claim_unused_from_range
 .text.next_striped_spin_lock_num
                0x100002e0       0x1e CMakeFiles/neuroflight.dir/home/sanka/projects/neuroflight/tools/pico/pico-sdk/src/rp2_common/hardware_sync/sync.c.o
                0x100002e0                next_striped_spin_lock_num
 .text.spin_lock_claim_unused
                0x100002fe       0x18 CMakeFiles/neuroflight.dir/home/sanka/projects/neuroflight/tools/pico/pico-sdk/src/rp2_common/hardware_sync/sync.c.o
                0x100002fe                spin_lock_claim_unused
 .text.spin_locks_reset
                0x10000316       0x22 CMakeFiles/neuroflight.dir/home/sanka/projects/neuroflight/tools/pico/pico-sdk/src/rp2_common/hardware_sync_spin_lock/sync_spin_lock.c.o
                0x10000316                spin_locks_reset
 .text.runtime_init_per_core_irq_priorities
                0x10000338       0x38 CMakeFiles/neuroflight.dir/home/sanka/projects/neuroflight/tools/pico/pico-sdk/src/rp2_common/hardware_irq/irq.c.o
                0x10000338                runtime_init_per_core_irq_priorities
 .text.irq_set_enabled
                0x10000370       0x36 CMakeFiles/neuroflight.dir/home/sanka/projects/neuroflight/tools/pico/pico-sdk/src/rp2_common/hardware_irq/irq.c.o
                0x10000370                irq_set_enabled
 .text.irq_is_enabled
                0x100003a6       0x12 CMakeFiles/neuroflight.dir/home/sanka/projects/neuroflight/tools/pico/pico-sdk/src/rp2_common/hardware_irq/irq.c.o
                0x100003a6                irq_is_enabled
 .text.irq_set_pending
                0x100003b8       0x14 CMakeFiles/neuroflight.dir/home/sanka/projects/neuroflight/tools/pico/pico-sdk/src/rp2_common/hardware_irq/irq.c.o
                0x100003b8                irq_set_pending
 .text.irq_has_shared_handler
                0x100003cc       0x1e CMakeFiles/neuroflight.dir/home/sanka/projects/neuroflight/tools/pico/pico-sdk/src/rp2_common/hardware_irq/irq.c.o
                0x100003cc                irq_has_shared_handler
 .text.irq_set_exclusive_handler
                0x100003ea       0x82 CMakeFiles/neuroflight.dir/home/sanka/projects/neuroflight/tools/pico/pico-sdk/src/rp2_common/hardware_irq/irq.c.o
                0x100003ea                irq_set_exclusive_handler
 .text.irq_add_shared_handler
                0x1000046c      0x414 CMakeFiles/neuroflight.dir/home/sanka/projects/neuroflight/tools/pico/pico-sdk/src/rp2_common/hardware_irq/irq.c.o
                0x1000046c                irq_add_shared_handler
 .text.irq_add_tail_to_free_list
                0x10000880       0xee CMakeFiles/neuroflight.dir/home/sanka/projects/neuroflight/tools/pico/pico-sdk/src/rp2_common/hardware_irq/irq.c.o
                0x10000880                irq_add_tail_to_free_list
 .text.user_irq_claim_unused
                0x1000096e       0x2e CMakeFiles/neuroflight.dir/home/sanka/projects/neuroflight/tools/pico/pico-sdk/src/rp2_common/hardware_irq/irq.c.o
                0x1000096e                user_irq_claim_unused
 .text.lock_init
                0x1000099c        0xe CMakeFiles/neuroflight.dir/home/sanka/projects/neuroflight/tools/pico/pico-sdk/src/common/pico_sync/lock_core.c.o
                0x1000099c                lock_init
 .text.runtime_init_mutex
                0x100009aa       0x66 CMakeFiles/neuroflight.dir/home/sanka/projects/neuroflight/tools/pico/pico-sdk/src/common/pico_sync/mutex.c.o
                0x100009aa                runtime_init_mutex
 .text.mutex_init
                0x10000a10       0x22 CMakeFiles/neuroflight.dir/home/sanka/projects/neuroflight/tools/pico/pico-sdk/src/common/pico_sync/mutex.c.o
                0x10000a10                mutex_init
 .text.critical_section_init
                0x10000a32       0x24 CMakeFiles/neuroflight.dir/home/sanka/projects/neuroflight/tools/pico/pico-sdk/src/common/pico_sync/critical_section.c.o
                0x10000a32                critical_section_init
 .text.critical_section_init_with_lock_num
                0x10000a56       0x12 CMakeFiles/neuroflight.dir/home/sanka/projects/neuroflight/tools/pico/pico-sdk/src/common/pico_sync/critical_section.c.o
                0x10000a56                critical_section_init_with_lock_num
 .text.sleep_until_callback
                0x10000a68       0x40 CMakeFiles/neuroflight.dir/home/sanka/projects/neuroflight/tools/pico/pico-sdk/src/common/pico_time/time.c.o
 .text.alarm_pool_irq_handler
                0x10000aa8      0x39a CMakeFiles/neuroflight.dir/home/sanka/projects/neuroflight/tools/pico/pico-sdk/src/common/pico_time/time.c.o
 .text.runtime_init_default_alarm_pool
                0x10000e42      0x10c CMakeFiles/neuroflight.dir/home/sanka/projects/neuroflight/tools/pico/pico-sdk/src/common/pico_time/time.c.o
                0x10000e42                runtime_init_default_alarm_pool
 .text.alarm_pool_get_default
                0x10000f4e        0xa CMakeFiles/neuroflight.dir/home/sanka/projects/neuroflight/tools/pico/pico-sdk/src/common/pico_time/time.c.o
                0x10000f4e                alarm_pool_get_default
 .text.alarm_pool_add_alarm_at
                0x10000f58      0x116 CMakeFiles/neuroflight.dir/home/sanka/projects/neuroflight/tools/pico/pico-sdk/src/common/pico_time/time.c.o
                0x10000f58                alarm_pool_add_alarm_at
 .text.alarm_pool_add_alarm_at_force_in_context
                0x1000106e       0xdc CMakeFiles/neuroflight.dir/home/sanka/projects/neuroflight/tools/pico/pico-sdk/src/common/pico_time/time.c.o
                0x1000106e                alarm_pool_add_alarm_at_force_in_context
 .text.alarm_pool_cancel_alarm
                0x1000114a       0x90 CMakeFiles/neuroflight.dir/home/sanka/projects/neuroflight/tools/pico/pico-sdk/src/common/pico_time/time.c.o
                0x1000114a                alarm_pool_cancel_alarm
 .text.alarm_pool_core_num
                0x100011da        0x6 CMakeFiles/neuroflight.dir/home/sanka/projects/neuroflight/tools/pico/pico-sdk/src/common/pico_time/time.c.o
                0x100011da                alarm_pool_core_num
 .text.sleep_ms
                0x100011e0      0x116 CMakeFiles/neuroflight.dir/home/sanka/projects/neuroflight/tools/pico/pico-sdk/src/common/pico_time/time.c.o
                0x100011e0                sleep_ms
 .text.best_effort_wfe_or_timeout
                0x100012f6      0x128 CMakeFiles/neuroflight.dir/home/sanka/projects/neuroflight/tools/pico/pico-sdk/src/common/pico_time/time.c.o
                0x100012f6                best_effort_wfe_or_timeout
 .text.timer_hardware_alarm_claim
                0x1000141e       0x1c CMakeFiles/neuroflight.dir/home/sanka/projects/neuroflight/tools/pico/pico-sdk/src/rp2_common/hardware_timer/timer.c.o
                0x1000141e                timer_hardware_alarm_claim
 .text.timer_time_us_64
                0x1000143a       0x10 CMakeFiles/neuroflight.dir/home/sanka/projects/neuroflight/tools/pico/pico-sdk/src/rp2_common/hardware_timer/timer.c.o
                0x1000143a                timer_time_us_64
 .text.time_us_64
                0x1000144a       0x12 CMakeFiles/neuroflight.dir/home/sanka/projects/neuroflight/tools/pico/pico-sdk/src/rp2_common/hardware_timer/timer.c.o
                0x1000144a                time_us_64
 .text.busy_wait_until
                0x1000145c       0x22 CMakeFiles/neuroflight.dir/home/sanka/projects/neuroflight/tools/pico/pico-sdk/src/rp2_common/hardware_timer/timer.c.o
                0x1000145c                busy_wait_until
 *fill*         0x1000147e        0x2 
 .text.clock_configure_undivided
                0x10001480       0xdc CMakeFiles/neuroflight.dir/home/sanka/projects/neuroflight/tools/pico/pico-sdk/src/rp2_common/hardware_clocks/clocks.c.o
                0x10001480                clock_configure_undivided
 .text.clock_get_hz
                0x1000155c       0x10 CMakeFiles/neuroflight.dir/home/sanka/projects/neuroflight/tools/pico/pico-sdk/src/rp2_common/hardware_clocks/clocks.c.o
                0x1000155c                clock_get_hz
 .text.pll_init
                0x1000156c       0x8a CMakeFiles/neuroflight.dir/home/sanka/projects/neuroflight/tools/pico/pico-sdk/src/rp2_common/hardware_pll/pll.c.o
                0x1000156c                pll_init
 .text.watchdog_reboot
                0x100015f6       0x92 CMakeFiles/neuroflight.dir/home/sanka/projects/neuroflight/tools/pico/pico-sdk/src/rp2_common/hardware_watchdog/watchdog.c.o
                0x100015f6                watchdog_reboot
 .text.tick_start
                0x10001688       0x14 CMakeFiles/neuroflight.dir/home/sanka/projects/neuroflight/tools/pico/pico-sdk/src/rp2_common/hardware_ticks/ticks.c.o
                0x10001688                tick_start
 .text.rom_func_lookup
                0x1000169c        0xe CMakeFiles/neuroflight.dir/home/sanka/projects/neuroflight/tools/pico/pico-sdk/src/rp2_common/pico_bootrom/bootrom.c.o
                0x1000169c                rom_func_lookup
 .text.rom_reset_usb_boot_extra
                0x100016aa       0x3e CMakeFiles/neuroflight.dir/home/sanka/projects/neuroflight/tools/pico/pico-sdk/src/rp2_common/pico_bootrom/bootrom.c.o
                0x100016aa                rom_reset_usb_boot_extra
 .text.runtime_init_bootrom_locking_enable
                0x100016e8       0x12 CMakeFiles/neuroflight.dir/home/sanka/projects/neuroflight/tools/pico/pico-sdk/src/rp2_common/pico_bootrom/bootrom_lock.c.o
                0x100016e8                runtime_init_bootrom_locking_enable
 .text.runtime_init_boot_locks_reset
                0x100016fa       0x20 CMakeFiles/neuroflight.dir/home/sanka/projects/neuroflight/tools/pico/pico-sdk/src/rp2_common/hardware_boot_lock/boot_lock.c.o
                0x100016fa                runtime_init_boot_locks_reset
 .text.xosc_init
                0x1000171a       0x24 CMakeFiles/neuroflight.dir/home/sanka/projects/neuroflight/tools/pico/pico-sdk/src/rp2_common/hardware_xosc/xosc.c.o
                0x1000171a                xosc_init
 .text.first_per_core_initializer
                0x1000173e        0x2 CMakeFiles/neuroflight.dir/home/sanka/projects/neuroflight/tools/pico/pico-sdk/src/rp2_common/pico_runtime/runtime.c.o
 .text.hard_assertion_failure
                0x10001740       0x10 CMakeFiles/neuroflight.dir/home/sanka/projects/neuroflight/tools/pico/pico-sdk/src/rp2_common/pico_runtime/runtime.c.o
                0x10001740                hard_assertion_failure
 .text.runtime_run_initializers
                0x10001750       0x30 CMakeFiles/neuroflight.dir/home/sanka/projects/neuroflight/tools/pico/pico-sdk/src/rp2_common/pico_runtime/runtime.c.o
                0x10001750                runtime_run_initializers
 .text.runtime_init_early_resets
                0x10001780       0x2a CMakeFiles/neuroflight.dir/home/sanka/projects/neuroflight/tools/pico/pico-sdk/src/rp2_common/pico_runtime_init/runtime_init.c.o
                0x10001780                runtime_init_early_resets
 .text.runtime_init_usb_power_down
                0x100017aa       0x1a CMakeFiles/neuroflight.dir/home/sanka/projects/neuroflight/tools/pico/pico-sdk/src/rp2_common/pico_runtime_init/runtime_init.c.o
                0x100017aa                runtime_init_usb_power_down
 .text.runtime_init_post_clock_resets
                0x100017c4       0x1c CMakeFiles/neuroflight.dir/home/sanka/projects/neuroflight/tools/pico/pico-sdk/src/rp2_common/pico_runtime_init/runtime_init.c.o
                0x100017c4                runtime_init_post_clock_resets
 .text.runtime_init_bootrom_reset
                0x100017e0       0x16 CMakeFiles/neuroflight.dir/home/sanka/projects/neuroflight/tools/pico/pico-sdk/src/rp2_common/pico_runtime_init/runtime_init.c.o
                0x100017e0                runtime_init_bootrom_reset
 .text.runtime_init_per_core_bootrom_reset
                0x100017f6       0x16 CMakeFiles/neuroflight.dir/home/sanka/projects/neuroflight/tools/pico/pico-sdk/src/rp2_common/pico_runtime_init/runtime_init.c.o
                0x100017f6                runtime_init_per_core_bootrom_reset
 .text.runtime_init_spin_locks_reset
                0x1000180c        0x4 CMakeFiles/neuroflight.dir/home/sanka/projects/neuroflight/tools/pico/pico-sdk/src/rp2_common/pico_runtime_init/runtime_init.c.o
                0x1000180c                runtime_init_spin_locks_reset
 .text.runtime_init_clocks
                0x10001810       0xec CMakeFiles/neuroflight.dir/home/sanka/projects/neuroflight/tools/pico/pico-sdk/src/rp2_common/pico_runtime_init/runtime_init_clocks.c.o
                0x10001810                runtime_init_clocks
 .text._out_char
                0x100018fc        0x6 CMakeFiles/neuroflight.dir/home/sanka/projects/neuroflight/tools/pico/pico-sdk/src/rp2_common/pico_printf/printf.c.o
 .text.weak_raw_vprintf
                0x10001902       0x2e CMakeFiles/neuroflight.dir/home/sanka/projects/neuroflight/tools/pico/pico-sdk/src/rp2_common/pico_printf/printf.c.o
                0x10001902                weak_raw_vprintf
 .text          0x10001930       0x20 CMakeFiles/neuroflight.dir/home/sanka/projects/neuroflight/tools/pico/pico-sdk/src/rp2_common/pico_crt0/crt0_riscv.S.o
                0x10001930                runtime_init_per_core_h3_irq_registers
 .text._exit    0x10001950        0x4 CMakeFiles/neuroflight.dir/home/sanka/projects/neuroflight/tools/pico/pico-sdk/src/rp2_common/pico_clib_interface/newlib_interface.c.o
                0x10001950                _exit
 .text.exit     0x10001954        0x6 CMakeFiles/neuroflight.dir/home/sanka/projects/neuroflight/tools/pico/pico-sdk/src/rp2_common/pico_clib_interface/newlib_interface.c.o
                0x10001954                exit
 .text.runtime_init
                0x1000195a       0x32 CMakeFiles/neuroflight.dir/home/sanka/projects/neuroflight/tools/pico/pico-sdk/src/rp2_common/pico_clib_interface/newlib_interface.c.o
                0x1000195a                runtime_init
 .text.stdio_out_chars_no_crlf
                0x1000198c        0x8 CMakeFiles/neuroflight.dir/home/sanka/projects/neuroflight/tools/pico/pico-sdk/src/rp2_common/pico_stdio/stdio.c.o
 .text.stdio_out_chars_crlf
                0x10001994       0xd4 CMakeFiles/neuroflight.dir/home/sanka/projects/neuroflight/tools/pico/pico-sdk/src/rp2_common/pico_stdio/stdio.c.o
 .text.stdio_put_string
                0x10001a68       0xfc CMakeFiles/neuroflight.dir/home/sanka/projects/neuroflight/tools/pico/pico-sdk/src/rp2_common/pico_stdio/stdio.c.o
                0x10001a68                stdio_put_string
 .text.stdio_set_driver_enabled
                0x10001b64       0x28 CMakeFiles/neuroflight.dir/home/sanka/projects/neuroflight/tools/pico/pico-sdk/src/rp2_common/pico_stdio/stdio.c.o
                0x10001b64                stdio_set_driver_enabled
 .text.stdio_init_all
                0x10001b8c        0x2 CMakeFiles/neuroflight.dir/home/sanka/projects/neuroflight/tools/pico/pico-sdk/src/rp2_common/pico_stdio/stdio.c.o
                0x10001b8c                stdio_init_all
 .text.__wrap_putchar
                0x10001b8e       0xa4 CMakeFiles/neuroflight.dir/home/sanka/projects/neuroflight/tools/pico/pico-sdk/src/rp2_common/pico_stdio/stdio.c.o
                0x10001b8e                stdio_putchar
                0x10001b8e                __wrap_putchar
 .text.__wrap_puts
                0x10001c32       0x46 CMakeFiles/neuroflight.dir/home/sanka/projects/neuroflight/tools/pico/pico-sdk/src/rp2_common/pico_stdio/stdio.c.o
                0x10001c32                __wrap_puts
                0x10001c32                stdio_puts
 .text.resetd_init
                0x10001c78        0x2 CMakeFiles/neuroflight.dir/home/sanka/projects/neuroflight/tools/pico/pico-sdk/src/rp2_common/pico_stdio_usb/reset_interface.c.o
 .text.resetd_reset
                0x10001c7a        0x6 CMakeFiles/neuroflight.dir/home/sanka/projects/neuroflight/tools/pico/pico-sdk/src/rp2_common/pico_stdio_usb/reset_interface.c.o
 .text.resetd_open
                0x10001c80       0x32 CMakeFiles/neuroflight.dir/home/sanka/projects/neuroflight/tools/pico/pico-sdk/src/rp2_common/pico_stdio_usb/reset_interface.c.o
 .text.resetd_xfer_cb
                0x10001cb2        0x4 CMakeFiles/neuroflight.dir/home/sanka/projects/neuroflight/tools/pico/pico-sdk/src/rp2_common/pico_stdio_usb/reset_interface.c.o
 .text.resetd_control_xfer_cb
                0x10001cb6       0x74 CMakeFiles/neuroflight.dir/home/sanka/projects/neuroflight/tools/pico/pico-sdk/src/rp2_common/pico_stdio_usb/reset_interface.c.o
 .text.tud_descriptor_bos_cb
                0x10001d2a        0xa CMakeFiles/neuroflight.dir/home/sanka/projects/neuroflight/tools/pico/pico-sdk/src/rp2_common/pico_stdio_usb/reset_interface.c.o
                0x10001d2a                tud_descriptor_bos_cb
 .text.tud_vendor_control_xfer_cb
                0x10001d34       0x3e CMakeFiles/neuroflight.dir/home/sanka/projects/neuroflight/tools/pico/pico-sdk/src/rp2_common/pico_stdio_usb/reset_interface.c.o
                0x10001d34                tud_vendor_control_xfer_cb
 .text.usbd_app_driver_get_cb
                0x10001d72       0x10 CMakeFiles/neuroflight.dir/home/sanka/projects/neuroflight/tools/pico/pico-sdk/src/rp2_common/pico_stdio_usb/reset_interface.c.o
                0x10001d72                usbd_app_driver_get_cb
 .text.tud_cdc_line_coding_cb
                0x10001d82       0x34 CMakeFiles/neuroflight.dir/home/sanka/projects/neuroflight/tools/pico/pico-sdk/src/rp2_common/pico_stdio_usb/reset_interface.c.o
                0x10001d82                tud_cdc_line_coding_cb
 .text.stdio_usb_set_chars_available_callback
                0x10001db6        0xa CMakeFiles/neuroflight.dir/home/sanka/projects/neuroflight/tools/pico/pico-sdk/src/rp2_common/pico_stdio_usb/stdio_usb.c.o
                0x10001db6                stdio_usb_set_chars_available_callback
 .text.usb_irq  0x10001dc0        0x8 CMakeFiles/neuroflight.dir/home/sanka/projects/neuroflight/tools/pico/pico-sdk/src/rp2_common/pico_stdio_usb/stdio_usb.c.o
 .text.timer_task
                0x10001dc8       0x84 CMakeFiles/neuroflight.dir/home/sanka/projects/neuroflight/tools/pico/pico-sdk/src/rp2_common/pico_stdio_usb/stdio_usb.c.o
 .text.stdio_usb_in_chars
                0x10001e4c       0x9c CMakeFiles/neuroflight.dir/home/sanka/projects/neuroflight/tools/pico/pico-sdk/src/rp2_common/pico_stdio_usb/stdio_usb.c.o
                0x10001e4c                stdio_usb_in_chars
 .text.stdio_usb_out_flush
                0x10001ee8       0x62 CMakeFiles/neuroflight.dir/home/sanka/projects/neuroflight/tools/pico/pico-sdk/src/rp2_common/pico_stdio_usb/stdio_usb.c.o
 .text.stdio_usb_out_chars
                0x10001f4a      0x124 CMakeFiles/neuroflight.dir/home/sanka/projects/neuroflight/tools/pico/pico-sdk/src/rp2_common/pico_stdio_usb/stdio_usb.c.o
 .text.low_priority_worker_irq
                0x1000206e       0xdc CMakeFiles/neuroflight.dir/home/sanka/projects/neuroflight/tools/pico/pico-sdk/src/rp2_common/pico_stdio_usb/stdio_usb.c.o
 .text.stdio_usb_init
                0x1000214a       0xee CMakeFiles/neuroflight.dir/home/sanka/projects/neuroflight/tools/pico/pico-sdk/src/rp2_common/pico_stdio_usb/stdio_usb.c.o
                0x1000214a                stdio_usb_init
 .text.tud_descriptor_device_cb
                0x10002238        0xa CMakeFiles/neuroflight.dir/home/sanka/projects/neuroflight/tools/pico/pico-sdk/src/rp2_common/pico_stdio_usb/stdio_usb_descriptors.c.o
                0x10002238                tud_descriptor_device_cb
 .text.tud_descriptor_configuration_cb
                0x10002242        0xa CMakeFiles/neuroflight.dir/home/sanka/projects/neuroflight/tools/pico/pico-sdk/src/rp2_common/pico_stdio_usb/stdio_usb_descriptors.c.o
                0x10002242                tud_descriptor_configuration_cb
 .text.tud_descriptor_string_cb
                0x1000224c       0x8e CMakeFiles/neuroflight.dir/home/sanka/projects/neuroflight/tools/pico/pico-sdk/src/rp2_common/pico_stdio_usb/stdio_usb_descriptors.c.o
                0x1000224c                tud_descriptor_string_cb
 .text.startup._retrieve_unique_id_on_boot
                0x100022da       0x34 CMakeFiles/neuroflight.dir/home/sanka/projects/neuroflight/tools/pico/pico-sdk/src/rp2_common/pico_unique_id/unique_id.c.o
 .text.pico_get_unique_board_id_string
                0x1000230e      0x20a CMakeFiles/neuroflight.dir/home/sanka/projects/neuroflight/tools/pico/pico-sdk/src/rp2_common/pico_unique_id/unique_id.c.o
                0x1000230e                pico_get_unique_board_id_string
 .text.dcd_init
                0x10002518       0xaa CMakeFiles/neuroflight.dir/home/sanka/projects/neuroflight/tools/pico/pico-sdk/lib/tinyusb/src/portable/raspberrypi/rp2040/dcd_rp2040.c.o
                0x10002518                dcd_init
 .text.dcd_int_enable
                0x100025c2        0x8 CMakeFiles/neuroflight.dir/home/sanka/projects/neuroflight/tools/pico/pico-sdk/lib/tinyusb/src/portable/raspberrypi/rp2040/dcd_rp2040.c.o
                0x100025c2                dcd_int_enable
 .text.dcd_set_address
                0x100025ca        0xe CMakeFiles/neuroflight.dir/home/sanka/projects/neuroflight/tools/pico/pico-sdk/lib/tinyusb/src/portable/raspberrypi/rp2040/dcd_rp2040.c.o
                0x100025ca                dcd_set_address
 .text.dcd_sof_enable
                0x100025d8       0x14 CMakeFiles/neuroflight.dir/home/sanka/projects/neuroflight/tools/pico/pico-sdk/lib/tinyusb/src/portable/raspberrypi/rp2040/dcd_rp2040.c.o
                0x100025d8                dcd_sof_enable
 .text.dcd_edpt0_status_complete
                0x100025ec       0x22 CMakeFiles/neuroflight.dir/home/sanka/projects/neuroflight/tools/pico/pico-sdk/lib/tinyusb/src/portable/raspberrypi/rp2040/dcd_rp2040.c.o
                0x100025ec                dcd_edpt0_status_complete
 .text.dcd_edpt_open
                0x1000260e      0x13e CMakeFiles/neuroflight.dir/home/sanka/projects/neuroflight/tools/pico/pico-sdk/lib/tinyusb/src/portable/raspberrypi/rp2040/dcd_rp2040.c.o
                0x1000260e                dcd_edpt_open
 .text.dcd_edpt_close_all
                0x1000274c        0x8 CMakeFiles/neuroflight.dir/home/sanka/projects/neuroflight/tools/pico/pico-sdk/lib/tinyusb/src/portable/raspberrypi/rp2040/dcd_rp2040.c.o
                0x1000274c                dcd_edpt_close_all
 .text.dcd_edpt_xfer
                0x10002754       0x28 CMakeFiles/neuroflight.dir/home/sanka/projects/neuroflight/tools/pico/pico-sdk/lib/tinyusb/src/portable/raspberrypi/rp2040/dcd_rp2040.c.o
                0x10002754                dcd_edpt_xfer
 .text.dcd_edpt_stall
                0x1000277c       0x32 CMakeFiles/neuroflight.dir/home/sanka/projects/neuroflight/tools/pico/pico-sdk/lib/tinyusb/src/portable/raspberrypi/rp2040/dcd_rp2040.c.o
                0x1000277c                dcd_edpt_stall
 .text.dcd_edpt_clear_stall
                0x100027ae       0x2e CMakeFiles/neuroflight.dir/home/sanka/projects/neuroflight/tools/pico/pico-sdk/lib/tinyusb/src/portable/raspberrypi/rp2040/dcd_rp2040.c.o
                0x100027ae                dcd_edpt_clear_stall
 .text.rp2040_usb_init
                0x100027dc       0x3c CMakeFiles/neuroflight.dir/home/sanka/projects/neuroflight/tools/pico/pico-sdk/lib/tinyusb/src/portable/raspberrypi/rp2040/rp2040_usb.c.o
                0x100027dc                rp2040_usb_init
 .text.hw_endpoint_xfer_start
                0x10002818       0x58 CMakeFiles/neuroflight.dir/home/sanka/projects/neuroflight/tools/pico/pico-sdk/lib/tinyusb/src/portable/raspberrypi/rp2040/rp2040_usb.c.o
                0x10002818                hw_endpoint_xfer_start
 .text.configuration_reset
                0x10002870       0xb2 CMakeFiles/neuroflight.dir/home/sanka/projects/neuroflight/tools/pico/pico-sdk/lib/tinyusb/src/device/usbd.c.o
 .text.tud_event_hook_cb
                0x10002922        0x2 CMakeFiles/neuroflight.dir/home/sanka/projects/neuroflight/tools/pico/pico-sdk/lib/tinyusb/src/device/usbd.c.o
                0x10002922                tud_event_hook_cb
 .text.tud_sof_cb
                0x10002924        0x2 CMakeFiles/neuroflight.dir/home/sanka/projects/neuroflight/tools/pico/pico-sdk/lib/tinyusb/src/device/usbd.c.o
                0x10002924                tud_sof_cb
 .text.tud_descriptor_device_qualifier_cb
                0x10002926        0x4 CMakeFiles/neuroflight.dir/home/sanka/projects/neuroflight/tools/pico/pico-sdk/lib/tinyusb/src/device/usbd.c.o
                0x10002926                tud_descriptor_device_qualifier_cb
 .text.tud_descriptor_other_speed_configuration_cb
                0x1000292a        0x4 CMakeFiles/neuroflight.dir/home/sanka/projects/neuroflight/tools/pico/pico-sdk/lib/tinyusb/src/device/usbd.c.o
                0x1000292a                tud_descriptor_other_speed_configuration_cb
 .text.tud_mount_cb
                0x1000292e        0x2 CMakeFiles/neuroflight.dir/home/sanka/projects/neuroflight/tools/pico/pico-sdk/lib/tinyusb/src/device/usbd.c.o
                0x1000292e                tud_mount_cb
 .text.tud_umount_cb
                0x10002930        0x2 CMakeFiles/neuroflight.dir/home/sanka/projects/neuroflight/tools/pico/pico-sdk/lib/tinyusb/src/device/usbd.c.o
                0x10002930                tud_umount_cb
 .text.tud_suspend_cb
                0x10002932        0x2 CMakeFiles/neuroflight.dir/home/sanka/projects/neuroflight/tools/pico/pico-sdk/lib/tinyusb/src/device/usbd.c.o
                0x10002932                tud_suspend_cb
 .text.tud_resume_cb
                0x10002934        0x2 CMakeFiles/neuroflight.dir/home/sanka/projects/neuroflight/tools/pico/pico-sdk/lib/tinyusb/src/device/usbd.c.o
                0x10002934                tud_resume_cb
 .text.tud_mounted
                0x10002936       0x12 CMakeFiles/neuroflight.dir/home/sanka/projects/neuroflight/tools/pico/pico-sdk/lib/tinyusb/src/device/usbd.c.o
                0x10002936                tud_mounted
 .text.tud_suspended
                0x10002948       0x10 CMakeFiles/neuroflight.dir/home/sanka/projects/neuroflight/tools/pico/pico-sdk/lib/tinyusb/src/device/usbd.c.o
                0x10002948                tud_suspended
 .text.tud_rhport_init
                0x10002958      0x112 CMakeFiles/neuroflight.dir/home/sanka/projects/neuroflight/tools/pico/pico-sdk/lib/tinyusb/src/device/usbd.c.o
                0x10002958                tud_rhport_init
 .text.tud_task_ext
                0x10002a6a      0x792 CMakeFiles/neuroflight.dir/home/sanka/projects/neuroflight/tools/pico/pico-sdk/lib/tinyusb/src/device/usbd.c.o
                0x10002a6a                tud_task_ext
 .text.usbd_open_edpt_pair
                0x100031fc       0xc2 CMakeFiles/neuroflight.dir/home/sanka/projects/neuroflight/tools/pico/pico-sdk/lib/tinyusb/src/device/usbd.c.o
                0x100031fc                usbd_open_edpt_pair
 .text.usbd_edpt_open
                0x100032be       0x50 CMakeFiles/neuroflight.dir/home/sanka/projects/neuroflight/tools/pico/pico-sdk/lib/tinyusb/src/device/usbd.c.o
                0x100032be                usbd_edpt_open
 .text.usbd_edpt_claim
                0x1000330e       0x22 CMakeFiles/neuroflight.dir/home/sanka/projects/neuroflight/tools/pico/pico-sdk/lib/tinyusb/src/device/usbd.c.o
                0x1000330e                usbd_edpt_claim
 .text.usbd_edpt_release
                0x10003330       0x22 CMakeFiles/neuroflight.dir/home/sanka/projects/neuroflight/tools/pico/pico-sdk/lib/tinyusb/src/device/usbd.c.o
                0x10003330                usbd_edpt_release
 .text.usbd_edpt_xfer
                0x10003352       0x64 CMakeFiles/neuroflight.dir/home/sanka/projects/neuroflight/tools/pico/pico-sdk/lib/tinyusb/src/device/usbd.c.o
                0x10003352                usbd_edpt_xfer
 .text.tud_control_status
                0x100033b6       0x62 CMakeFiles/neuroflight.dir/home/sanka/projects/neuroflight/tools/pico/pico-sdk/lib/tinyusb/src/device/usbd_control.c.o
                0x100033b6                tud_control_status
 .text.tud_control_xfer
                0x10003418       0xe8 CMakeFiles/neuroflight.dir/home/sanka/projects/neuroflight/tools/pico/pico-sdk/lib/tinyusb/src/device/usbd_control.c.o
                0x10003418                tud_control_xfer
 .text.usbd_control_reset
                0x10003500       0x1e CMakeFiles/neuroflight.dir/home/sanka/projects/neuroflight/tools/pico/pico-sdk/lib/tinyusb/src/device/usbd_control.c.o
                0x10003500                usbd_control_reset
 .text.usbd_control_set_complete_callback
                0x1000351e        0xa CMakeFiles/neuroflight.dir/home/sanka/projects/neuroflight/tools/pico/pico-sdk/lib/tinyusb/src/device/usbd_control.c.o
                0x1000351e                usbd_control_set_complete_callback
 .text.usbd_control_set_request
                0x10003528       0x52 CMakeFiles/neuroflight.dir/home/sanka/projects/neuroflight/tools/pico/pico-sdk/lib/tinyusb/src/device/usbd_control.c.o
                0x10003528                usbd_control_set_request
 .text.usbd_control_xfer_cb
                0x1000357a      0x13c CMakeFiles/neuroflight.dir/home/sanka/projects/neuroflight/tools/pico/pico-sdk/lib/tinyusb/src/device/usbd_control.c.o
                0x1000357a                usbd_control_xfer_cb
 .text._prep_out_transaction.isra.0
                0x100036b6       0xa4 CMakeFiles/neuroflight.dir/home/sanka/projects/neuroflight/tools/pico/pico-sdk/lib/tinyusb/src/class/cdc/cdc_device.c.o
 .text.tud_cdc_n_connected
                0x1000375a       0x40 CMakeFiles/neuroflight.dir/home/sanka/projects/neuroflight/tools/pico/pico-sdk/lib/tinyusb/src/class/cdc/cdc_device.c.o
                0x1000375a                tud_cdc_n_connected
 .text.tud_cdc_n_available
                0x1000379a       0x26 CMakeFiles/neuroflight.dir/home/sanka/projects/neuroflight/tools/pico/pico-sdk/lib/tinyusb/src/class/cdc/cdc_device.c.o
                0x1000379a                tud_cdc_n_available
 .text.tud_cdc_n_read
                0x100037c0       0xb2 CMakeFiles/neuroflight.dir/home/sanka/projects/neuroflight/tools/pico/pico-sdk/lib/tinyusb/src/class/cdc/cdc_device.c.o
                0x100037c0                tud_cdc_n_read
 .text.tud_cdc_n_write_flush
                0x10003872       0xba CMakeFiles/neuroflight.dir/home/sanka/projects/neuroflight/tools/pico/pico-sdk/lib/tinyusb/src/class/cdc/cdc_device.c.o
                0x10003872                tud_cdc_n_write_flush
 .text.tud_cdc_n_write
                0x1000392c       0x6a CMakeFiles/neuroflight.dir/home/sanka/projects/neuroflight/tools/pico/pico-sdk/lib/tinyusb/src/class/cdc/cdc_device.c.o
                0x1000392c                tud_cdc_n_write
 .text.tud_cdc_n_write_available
                0x10003996       0x28 CMakeFiles/neuroflight.dir/home/sanka/projects/neuroflight/tools/pico/pico-sdk/lib/tinyusb/src/class/cdc/cdc_device.c.o
                0x10003996                tud_cdc_n_write_available
 .text.cdcd_init
                0x100039be       0xa8 CMakeFiles/neuroflight.dir/home/sanka/projects/neuroflight/tools/pico/pico-sdk/lib/tinyusb/src/class/cdc/cdc_device.c.o
                0x100039be                cdcd_init
 .text.cdcd_deinit
                0x10003a66       0x38 CMakeFiles/neuroflight.dir/home/sanka/projects/neuroflight/tools/pico/pico-sdk/lib/tinyusb/src/class/cdc/cdc_device.c.o
                0x10003a66                cdcd_deinit
 .text.cdcd_reset
                0x10003a9e       0x66 CMakeFiles/neuroflight.dir/home/sanka/projects/neuroflight/tools/pico/pico-sdk/lib/tinyusb/src/class/cdc/cdc_device.c.o
                0x10003a9e                cdcd_reset
 .text.cdcd_open
                0x10003b04       0xfe CMakeFiles/neuroflight.dir/home/sanka/projects/neuroflight/tools/pico/pico-sdk/lib/tinyusb/src/class/cdc/cdc_device.c.o
                0x10003b04                cdcd_open
 .text.cdcd_control_xfer_cb
                0x10003c02      0x12e CMakeFiles/neuroflight.dir/home/sanka/projects/neuroflight/tools/pico/pico-sdk/lib/tinyusb/src/class/cdc/cdc_device.c.o
                0x10003c02                cdcd_control_xfer_cb
 .text.cdcd_xfer_cb
                0x10003d30      0x130 CMakeFiles/neuroflight.dir/home/sanka/projects/neuroflight/tools/pico/pico-sdk/lib/tinyusb/src/class/cdc/cdc_device.c.o
                0x10003d30                cdcd_xfer_cb
 .text.vendord_init
                0x10003e60       0x6a CMakeFiles/neuroflight.dir/home/sanka/projects/neuroflight/tools/pico/pico-sdk/lib/tinyusb/src/class/vendor/vendor_device.c.o
                0x10003e60                vendord_init
 .text.vendord_deinit
                0x10003eca       0x20 CMakeFiles/neuroflight.dir/home/sanka/projects/neuroflight/tools/pico/pico-sdk/lib/tinyusb/src/class/vendor/vendor_device.c.o
                0x10003eca                vendord_deinit
 .text.vendord_reset
                0x10003eea       0x3a CMakeFiles/neuroflight.dir/home/sanka/projects/neuroflight/tools/pico/pico-sdk/lib/tinyusb/src/class/vendor/vendor_device.c.o
                0x10003eea                vendord_reset
 .text.vendord_open
                0x10003f24      0x174 CMakeFiles/neuroflight.dir/home/sanka/projects/neuroflight/tools/pico/pico-sdk/lib/tinyusb/src/class/vendor/vendor_device.c.o
                0x10003f24                vendord_open
 .text.vendord_xfer_cb
                0x10004098       0xc2 CMakeFiles/neuroflight.dir/home/sanka/projects/neuroflight/tools/pico/pico-sdk/lib/tinyusb/src/class/vendor/vendor_device.c.o
                0x10004098                vendord_xfer_cb
 .text.tusb_rhport_init
                0x1000415a       0x52 CMakeFiles/neuroflight.dir/home/sanka/projects/neuroflight/tools/pico/pico-sdk/lib/tinyusb/src/tusb.c.o
                0x1000415a                tusb_rhport_init
 .text.tu_edpt_claim
                0x100041ac       0x70 CMakeFiles/neuroflight.dir/home/sanka/projects/neuroflight/tools/pico/pico-sdk/lib/tinyusb/src/tusb.c.o
                0x100041ac                tu_edpt_claim
 .text.tu_edpt_release
                0x1000421c       0x54 CMakeFiles/neuroflight.dir/home/sanka/projects/neuroflight/tools/pico/pico-sdk/lib/tinyusb/src/tusb.c.o
                0x1000421c                tu_edpt_release
 .text.tu_edpt_validate
                0x10004270       0x6e CMakeFiles/neuroflight.dir/home/sanka/projects/neuroflight/tools/pico/pico-sdk/lib/tinyusb/src/tusb.c.o
                0x10004270                tu_edpt_validate
 .text.tu_edpt_bind_driver
                0x100042de       0x3c CMakeFiles/neuroflight.dir/home/sanka/projects/neuroflight/tools/pico/pico-sdk/lib/tinyusb/src/tusb.c.o
                0x100042de                tu_edpt_bind_driver
 .text.tu_edpt_stream_init
                0x1000431a       0x6e CMakeFiles/neuroflight.dir/home/sanka/projects/neuroflight/tools/pico/pico-sdk/lib/tinyusb/src/tusb.c.o
                0x1000431a                tu_edpt_stream_init
 .text.tu_edpt_stream_deinit
                0x10004388        0x4 CMakeFiles/neuroflight.dir/home/sanka/projects/neuroflight/tools/pico/pico-sdk/lib/tinyusb/src/tusb.c.o
                0x10004388                tu_edpt_stream_deinit
 .text.tu_edpt_stream_write_zlp_if_needed
                0x1000438c       0x72 CMakeFiles/neuroflight.dir/home/sanka/projects/neuroflight/tools/pico/pico-sdk/lib/tinyusb/src/tusb.c.o
                0x1000438c                tu_edpt_stream_write_zlp_if_needed
 .text.tu_edpt_stream_write_xfer
                0x100043fe       0x72 CMakeFiles/neuroflight.dir/home/sanka/projects/neuroflight/tools/pico/pico-sdk/lib/tinyusb/src/tusb.c.o
                0x100043fe                tu_edpt_stream_write_xfer
 .text.tu_edpt_stream_read_xfer
                0x10004470      0x100 CMakeFiles/neuroflight.dir/home/sanka/projects/neuroflight/tools/pico/pico-sdk/lib/tinyusb/src/tusb.c.o
                0x10004470                tu_edpt_stream_read_xfer
 .text.tu_fifo_config
                0x10004570       0x88 CMakeFiles/neuroflight.dir/home/sanka/projects/neuroflight/tools/pico/pico-sdk/lib/tinyusb/src/common/tusb_fifo.c.o
                0x10004570                tu_fifo_config
 .text.tu_fifo_count
                0x100045f8       0x28 CMakeFiles/neuroflight.dir/home/sanka/projects/neuroflight/tools/pico/pico-sdk/lib/tinyusb/src/common/tusb_fifo.c.o
                0x100045f8                tu_fifo_count
 .text.tu_fifo_empty
                0x10004620       0x12 CMakeFiles/neuroflight.dir/home/sanka/projects/neuroflight/tools/pico/pico-sdk/lib/tinyusb/src/common/tusb_fifo.c.o
                0x10004620                tu_fifo_empty
 .text.tu_fifo_remaining
                0x10004632       0x32 CMakeFiles/neuroflight.dir/home/sanka/projects/neuroflight/tools/pico/pico-sdk/lib/tinyusb/src/common/tusb_fifo.c.o
                0x10004632                tu_fifo_remaining
 .text.tu_fifo_read
                0x10004664       0xda CMakeFiles/neuroflight.dir/home/sanka/projects/neuroflight/tools/pico/pico-sdk/lib/tinyusb/src/common/tusb_fifo.c.o
                0x10004664                tu_fifo_read
 .text.tu_fifo_read_n
                0x1000473e      0x146 CMakeFiles/neuroflight.dir/home/sanka/projects/neuroflight/tools/pico/pico-sdk/lib/tinyusb/src/common/tusb_fifo.c.o
                0x1000473e                tu_fifo_read_n
 .text.tu_fifo_write
                0x10004884       0xde CMakeFiles/neuroflight.dir/home/sanka/projects/neuroflight/tools/pico/pico-sdk/lib/tinyusb/src/common/tusb_fifo.c.o
                0x10004884                tu_fifo_write
 .text.tu_fifo_write_n
                0x10004962      0x1c8 CMakeFiles/neuroflight.dir/home/sanka/projects/neuroflight/tools/pico/pico-sdk/lib/tinyusb/src/common/tusb_fifo.c.o
                0x10004962                tu_fifo_write_n
 .text.tu_fifo_clear
                0x10004b2a       0x4e CMakeFiles/neuroflight.dir/home/sanka/projects/neuroflight/tools/pico/pico-sdk/lib/tinyusb/src/common/tusb_fifo.c.o
                0x10004b2a                tu_fifo_clear
 .text.tu_fifo_set_overwritable
                0x10004b78       0x5e CMakeFiles/neuroflight.dir/home/sanka/projects/neuroflight/tools/pico/pico-sdk/lib/tinyusb/src/common/tusb_fifo.c.o
                0x10004b78                tu_fifo_set_overwritable
 *fill*         0x10004bd6        0x2 
 .text          0x10004bd8       0xdc /home/sanka/projects/neuroflight/tools/riscv-gnu-toolchain/build/lib/gcc/riscv32-unknown-elf/15.1.0/../../../../riscv32-unknown-elf/lib/libc.a(libc_a-memset.o)
                0x10004bd8                memset
 .text.memcpy   0x10004cb4      0x128 /home/sanka/projects/neuroflight/tools/riscv-gnu-toolchain/build/lib/gcc/riscv32-unknown-elf/15.1.0/../../../../riscv32-unknown-elf/lib/libc.a(libc_a-memcpy.o)
                0x10004cb4                memcpy
 .text.strlen   0x10004ddc       0x8c /home/sanka/projects/neuroflight/tools/riscv-gnu-toolchain/build/lib/gcc/riscv32-unknown-elf/15.1.0/../../../../riscv32-unknown-elf/lib/libc.a(libc_a-strlen.o)
                0x10004ddc                strlen
 *(.fini)
 *crtbegin.o(.ctors)
 *crtbegin?.o(.ctors)
 *(EXCLUDE_FILE(*crtend.o *crtend?.o) .ctors)
 *(SORT_BY_NAME(.ctors.*))
 *(.ctors)
 *crtbegin.o(.dtors)
 *crtbegin?.o(.dtors)
 *(EXCLUDE_FILE(*crtend.o *crtend?.o) .dtors)
 *(SORT_BY_NAME(.dtors.*))
 *(.dtors)
                0x10004e68                        . = ALIGN (0x4)
                0x10004e68                        PROVIDE (__preinit_array_start = .)
 *(SORT_BY_NAME(.preinit_array.*))
 .preinit_array.00050
                0x10004e68        0x4 CMakeFiles/neuroflight.dir/home/sanka/projects/neuroflight/tools/pico/pico-sdk/src/rp2_common/pico_runtime_init/runtime_init.c.o
                0x10004e68                __pre_init_runtime_init_bootrom_reset
 .preinit_array.00100
                0x10004e6c        0x4 CMakeFiles/neuroflight.dir/home/sanka/projects/neuroflight/tools/pico/pico-sdk/src/rp2_common/pico_runtime_init/runtime_init.c.o
                0x10004e6c                __pre_init_runtime_init_early_resets
 .preinit_array.00101
                0x10004e70        0x4 CMakeFiles/neuroflight.dir/home/sanka/projects/neuroflight/tools/pico/pico-sdk/src/rp2_common/pico_runtime_init/runtime_init.c.o
                0x10004e70                __pre_init_runtime_init_usb_power_down
 .preinit_array.00500
                0x10004e74        0x4 CMakeFiles/neuroflight.dir/home/sanka/projects/neuroflight/tools/pico/pico-sdk/src/rp2_common/pico_runtime_init/runtime_init.c.o
                0x10004e74                __pre_init_runtime_init_clocks
 .preinit_array.00600
                0x10004e78        0x4 CMakeFiles/neuroflight.dir/home/sanka/projects/neuroflight/tools/pico/pico-sdk/src/rp2_common/pico_runtime_init/runtime_init.c.o
                0x10004e78                __pre_init_runtime_init_post_clock_resets
 .preinit_array.01000
                0x10004e7c        0x4 CMakeFiles/neuroflight.dir/home/sanka/projects/neuroflight/tools/pico/pico-sdk/src/rp2_common/hardware_boot_lock/boot_lock.c.o
                0x10004e7c                __pre_init_runtime_init_boot_locks_reset
 .preinit_array.01000
                0x10004e80        0x4 CMakeFiles/neuroflight.dir/home/sanka/projects/neuroflight/tools/pico/pico-sdk/src/rp2_common/pico_runtime_init/runtime_init.c.o
                0x10004e80                __pre_init_runtime_init_spin_locks_reset
 .preinit_array.01010
                0x10004e84        0x4 CMakeFiles/neuroflight.dir/home/sanka/projects/neuroflight/tools/pico/pico-sdk/src/rp2_common/pico_bootrom/bootrom_lock.c.o
                0x10004e84                __pre_init_runtime_init_bootrom_locking_enable
 .preinit_array.01100
                0x10004e88        0x4 CMakeFiles/neuroflight.dir/home/sanka/projects/neuroflight/tools/pico/pico-sdk/src/common/pico_sync/mutex.c.o
                0x10004e88                __pre_init_runtime_init_mutex
 .preinit_array.11000
                0x10004e8c        0x4 CMakeFiles/neuroflight.dir/home/sanka/projects/neuroflight/tools/pico/pico-sdk/src/common/pico_time/time.c.o
                0x10004e8c                __pre_init_runtime_init_default_alarm_pool
 .preinit_array.YYYYY
                0x10004e90        0x4 CMakeFiles/neuroflight.dir/home/sanka/projects/neuroflight/tools/pico/pico-sdk/src/rp2_common/pico_runtime/runtime.c.o
                0x10004e90                __pre_init_first_per_core_initializer
 .preinit_array.ZZZZZ.00051
                0x10004e94        0x4 CMakeFiles/neuroflight.dir/home/sanka/projects/neuroflight/tools/pico/pico-sdk/src/rp2_common/pico_runtime_init/runtime_init.c.o
                0x10004e94                __pre_init_runtime_init_per_core_bootrom_reset
 .preinit_array.ZZZZZ.00060
                0x10004e98        0x4 CMakeFiles/neuroflight.dir/home/sanka/projects/neuroflight/tools/pico/pico-sdk/src/rp2_common/pico_runtime_init/runtime_init.c.o
                0x10004e98                __pre_init_runtime_init_per_core_h3_irq_registers
 .preinit_array.ZZZZZ.01200
                0x10004e9c        0x4 CMakeFiles/neuroflight.dir/home/sanka/projects/neuroflight/tools/pico/pico-sdk/src/rp2_common/hardware_irq/irq.c.o
                0x10004e9c                __pre_init_runtime_init_per_core_irq_priorities
 *(.preinit_array)
                0x10004ea0                        PROVIDE (__preinit_array_end = .)
                0x10004ea0                        . = ALIGN (0x4)
                0x10004ea0                        PROVIDE (__init_array_start = .)
 *(SORT_BY_NAME(.init_array.*))
 .init_array.01000
                0x10004ea0        0x4 CMakeFiles/neuroflight.dir/home/sanka/projects/neuroflight/tools/pico/pico-sdk/src/rp2_common/pico_unique_id/unique_id.c.o
 *(.init_array)
 .init_array    0x10004ea4        0x4 /home/sanka/projects/neuroflight/tools/riscv-gnu-toolchain/build/lib/gcc/riscv32-unknown-elf/15.1.0/crtbegin.o
                0x10004ea8                        PROVIDE (__init_array_end = .)
                0x10004ea8                        . = ALIGN (0x4)
                [!provide]                        PROVIDE (__fini_array_start = .)
 *(SORT_BY_NAME(.fini_array.*))
 *(.fini_array)
                [!provide]                        PROVIDE (__fini_array_end = .)
 *(.eh_frame*)
 .eh_frame      0x10004ea8        0x0 /home/sanka/projects/neuroflight/tools/riscv-gnu-toolchain/build/lib/gcc/riscv32-unknown-elf/15.1.0/crtbegin.o
                0x10004ea8                        . = ALIGN (0x4)

.boot2          0x10004ea8        0x0
                0x10004ea8                        __boot2_start__ = .
 *(.boot2)
                0x10004ea8                        __boot2_end__ = .
                0x00000001                        ASSERT (((__boot2_end__ - __boot2_start__) <= 0x100), ERROR: Pico second stage bootloader must be no more than 256 bytes in size)

.rodata         0x10004ea8      0x410
 *(EXCLUDE_FILE(*libm.a: *libc.a:*lib_a-mem*.o *libgcc.a:) .rodata*)
 .rodata.panic.str1.4
                0x10004ea8      0x158 CMakeFiles/neuroflight.dir/home/sanka/projects/neuroflight/tools/pico/pico-sdk/src/rp2_common/pico_platform_panic/panic.c.o
                                 0x12 (size before relaxing)
 .rodata.spin_lock_claim_unused.str1.4
                0x10005000        0x0 CMakeFiles/neuroflight.dir/home/sanka/projects/neuroflight/tools/pico/pico-sdk/src/rp2_common/hardware_sync/sync.c.o
                                 0x1b (size before relaxing)
 .rodata.user_irq_claim_unused.str1.4
                0x10005000        0x0 CMakeFiles/neuroflight.dir/home/sanka/projects/neuroflight/tools/pico/pico-sdk/src/rp2_common/hardware_irq/irq.c.o
                                 0x1b (size before relaxing)
 .rodata.timer_hardware_alarm_claim.str1.4
                0x10005000        0x0 CMakeFiles/neuroflight.dir/home/sanka/projects/neuroflight/tools/pico/pico-sdk/src/rp2_common/hardware_timer/timer.c.o
                                 0x22 (size before relaxing)
 .rodata.hard_assertion_failure.str1.4
                0x10005000        0x0 CMakeFiles/neuroflight.dir/home/sanka/projects/neuroflight/tools/pico/pico-sdk/src/rp2_common/pico_runtime/runtime.c.o
                                  0xc (size before relaxing)
 .rodata.str1.4
                0x10005000        0x0 CMakeFiles/neuroflight.dir/home/sanka/projects/neuroflight/tools/pico/pico-sdk/src/rp2_common/pico_standard_binary_info/standard_binary_info.c.o
                                 0x40 (size before relaxing)
 .rodata.__bi_84
                0x10005000        0xc CMakeFiles/neuroflight.dir/home/sanka/projects/neuroflight/tools/pico/pico-sdk/src/rp2_common/pico_standard_binary_info/standard_binary_info.c.o
 .rodata.__bi_78
                0x1000500c        0xc CMakeFiles/neuroflight.dir/home/sanka/projects/neuroflight/tools/pico/pico-sdk/src/rp2_common/pico_standard_binary_info/standard_binary_info.c.o
 .rodata.__bi_54
                0x10005018        0xc CMakeFiles/neuroflight.dir/home/sanka/projects/neuroflight/tools/pico/pico-sdk/src/rp2_common/pico_standard_binary_info/standard_binary_info.c.o
 .rodata.__bi_48
                0x10005024        0xc CMakeFiles/neuroflight.dir/home/sanka/projects/neuroflight/tools/pico/pico-sdk/src/rp2_common/pico_standard_binary_info/standard_binary_info.c.o
 .rodata.__bi_42
                0x10005030        0xc CMakeFiles/neuroflight.dir/home/sanka/projects/neuroflight/tools/pico/pico-sdk/src/rp2_common/pico_standard_binary_info/standard_binary_info.c.o
 .rodata.__bi_34
                0x1000503c        0xc CMakeFiles/neuroflight.dir/home/sanka/projects/neuroflight/tools/pico/pico-sdk/src/rp2_common/pico_standard_binary_info/standard_binary_info.c.o
 .rodata.__bi_26
                0x10005048        0xc CMakeFiles/neuroflight.dir/home/sanka/projects/neuroflight/tools/pico/pico-sdk/src/rp2_common/pico_standard_binary_info/standard_binary_info.c.o
 .rodata._resetd_driver
                0x10005054       0x20 CMakeFiles/neuroflight.dir/home/sanka/projects/neuroflight/tools/pico/pico-sdk/src/rp2_common/pico_stdio_usb/reset_interface.c.o
 .rodata.desc_ms_os_20
                0x10005074       0xa6 CMakeFiles/neuroflight.dir/home/sanka/projects/neuroflight/tools/pico/pico-sdk/src/rp2_common/pico_stdio_usb/reset_interface.c.o
 *fill*         0x1000511a        0x2 
 .rodata.desc_bos
                0x1000511c       0x21 CMakeFiles/neuroflight.dir/home/sanka/projects/neuroflight/tools/pico/pico-sdk/src/rp2_common/pico_stdio_usb/reset_interface.c.o
                0x1000511c                desc_bos
 .rodata.str1.4
                0x1000513d        0x0 CMakeFiles/neuroflight.dir/home/sanka/projects/neuroflight/tools/pico/pico-sdk/src/rp2_common/pico_stdio_usb/stdio_usb.c.o
                                 0x13 (size before relaxing)
 *fill*         0x1000513d        0x3 
 .rodata.__bi_202.0
                0x10005140        0xc CMakeFiles/neuroflight.dir/home/sanka/projects/neuroflight/tools/pico/pico-sdk/src/rp2_common/pico_stdio_usb/stdio_usb.c.o
 .rodata.str1.4
                0x1000514c        0x0 CMakeFiles/neuroflight.dir/home/sanka/projects/neuroflight/tools/pico/pico-sdk/src/rp2_common/pico_stdio_usb/stdio_usb_descriptors.c.o
                                 0x2a (size before relaxing)
 .rodata.usbd_desc_str
                0x1000514c       0x18 CMakeFiles/neuroflight.dir/home/sanka/projects/neuroflight/tools/pico/pico-sdk/src/rp2_common/pico_stdio_usb/stdio_usb_descriptors.c.o
 .rodata.usbd_desc_cfg
                0x10005164       0x54 CMakeFiles/neuroflight.dir/home/sanka/projects/neuroflight/tools/pico/pico-sdk/src/rp2_common/pico_stdio_usb/stdio_usb_descriptors.c.o
 .rodata.usbd_desc_device
                0x100051b8       0x12 CMakeFiles/neuroflight.dir/home/sanka/projects/neuroflight/tools/pico/pico-sdk/src/rp2_common/pico_stdio_usb/stdio_usb_descriptors.c.o
 .rodata.str1.4
                0x100051ca        0x0 CMakeFiles/neuroflight.dir/home/sanka/projects/neuroflight/tools/pico/pico-sdk/lib/tinyusb/src/portable/raspberrypi/rp2040/dcd_rp2040.c.o
                                 0x14 (size before relaxing)
 .rodata.str1.4
                0x100051ca        0x0 CMakeFiles/neuroflight.dir/home/sanka/projects/neuroflight/tools/pico/pico-sdk/lib/tinyusb/src/portable/raspberrypi/rp2040/rp2040_usb.c.o
                                 0x48 (size before relaxing)
 *fill*         0x100051ca        0x2 
 .rodata.tud_task_ext
                0x100051cc       0x8c CMakeFiles/neuroflight.dir/home/sanka/projects/neuroflight/tools/pico/pico-sdk/lib/tinyusb/src/device/usbd.c.o
 .rodata        0x10005258       0x1c CMakeFiles/neuroflight.dir/home/sanka/projects/neuroflight/tools/pico/pico-sdk/lib/tinyusb/src/device/usbd.c.o
 .rodata._usbd_driver
                0x10005274       0x40 CMakeFiles/neuroflight.dir/home/sanka/projects/neuroflight/tools/pico/pico-sdk/lib/tinyusb/src/device/usbd.c.o
 *(.srodata*)
 .srodata.crlf_str.0
                0x100052b4        0x2 CMakeFiles/neuroflight.dir/home/sanka/projects/neuroflight/tools/pico/pico-sdk/src/rp2_common/pico_stdio/stdio.c.o
                0x100052b8                        . = ALIGN (0x4)
 *fill*         0x100052b6        0x2 
 *(SORT_BY_ALIGNMENT(SORT_BY_NAME(.flashdata*)))
                0x100052b8                        . = ALIGN (0x4)

.ARM.extab
 *(.ARM.extab* .gnu.linkonce.armextab.*)
                0x100052b8                        __exidx_start = .

.ARM.exidx
 *(.ARM.exidx* .gnu.linkonce.armexidx.*)
                0x100052b8                        __exidx_end = .
                0x100052b8                        . = ALIGN (0x4)
                0x100052b8                        __binary_info_start = .

.binary_info    0x100052b8       0x20
 *(.binary_info.keep.*)
 .binary_info.keep.__bi_ptr84
                0x100052b8        0x4 CMakeFiles/neuroflight.dir/home/sanka/projects/neuroflight/tools/pico/pico-sdk/src/rp2_common/pico_standard_binary_info/standard_binary_info.c.o
 .binary_info.keep.__bi_ptr78
                0x100052bc        0x4 CMakeFiles/neuroflight.dir/home/sanka/projects/neuroflight/tools/pico/pico-sdk/src/rp2_common/pico_standard_binary_info/standard_binary_info.c.o
 .binary_info.keep.__bi_ptr54
                0x100052c0        0x4 CMakeFiles/neuroflight.dir/home/sanka/projects/neuroflight/tools/pico/pico-sdk/src/rp2_common/pico_standard_binary_info/standard_binary_info.c.o
 .binary_info.keep.__bi_ptr48
                0x100052c4        0x4 CMakeFiles/neuroflight.dir/home/sanka/projects/neuroflight/tools/pico/pico-sdk/src/rp2_common/pico_standard_binary_info/standard_binary_info.c.o
 .binary_info.keep.__bi_ptr42
                0x100052c8        0x4 CMakeFiles/neuroflight.dir/home/sanka/projects/neuroflight/tools/pico/pico-sdk/src/rp2_common/pico_standard_binary_info/standard_binary_info.c.o
 .binary_info.keep.__bi_ptr34
                0x100052cc        0x4 CMakeFiles/neuroflight.dir/home/sanka/projects/neuroflight/tools/pico/pico-sdk/src/rp2_common/pico_standard_binary_info/standard_binary_info.c.o
 .binary_info.keep.__bi_ptr26
                0x100052d0        0x4 CMakeFiles/neuroflight.dir/home/sanka/projects/neuroflight/tools/pico/pico-sdk/src/rp2_common/pico_standard_binary_info/standard_binary_info.c.o
 *(.binary_info.*)
 .binary_info.__bi_ptr202
                0x100052d4        0x4 CMakeFiles/neuroflight.dir/home/sanka/projects/neuroflight/tools/pico/pico-sdk/src/rp2_common/pico_stdio_usb/stdio_usb.c.o
                0x100052d8                        __binary_info_end = .
                0x100052d8                        . = ALIGN (0x4)

.ram_vector_table
 *(.ram_vector_table)

.uninitialized_data
                0x20000000        0x0
                0x20000000                        . = ALIGN (0x4)
 *(.uninitialized_data*)

.data           0x20000000     0x10e8 load address 0x100052d8
                0x20000000                        __data_start__ = .
 *(vtable)
 *(.time_critical*)
 .time_critical.mutex_try_enter
                0x20000000       0x5c CMakeFiles/neuroflight.dir/home/sanka/projects/neuroflight/tools/pico/pico-sdk/src/common/pico_sync/mutex.c.o
                0x20000000                mutex_try_enter
 .time_critical.mutex_enter_block_until
                0x2000005c       0x90 CMakeFiles/neuroflight.dir/home/sanka/projects/neuroflight/tools/pico/pico-sdk/src/common/pico_sync/mutex.c.o
                0x2000005c                mutex_enter_block_until
 .time_critical.mutex_try_enter_block_until
                0x200000ec       0x6a CMakeFiles/neuroflight.dir/home/sanka/projects/neuroflight/tools/pico/pico-sdk/src/common/pico_sync/mutex.c.o
                0x200000ec                mutex_try_enter_block_until
 .time_critical.mutex_enter_timeout_ms
                0x20000156       0x46 CMakeFiles/neuroflight.dir/home/sanka/projects/neuroflight/tools/pico/pico-sdk/src/common/pico_sync/mutex.c.o
                0x20000156                mutex_enter_timeout_ms
 .time_critical.mutex_exit
                0x2000019c       0x38 CMakeFiles/neuroflight.dir/home/sanka/projects/neuroflight/tools/pico/pico-sdk/src/common/pico_sync/mutex.c.o
                0x2000019c                mutex_exit
 .time_critical.reset_non_control_endpoints
                0x200001d4       0xa8 CMakeFiles/neuroflight.dir/home/sanka/projects/neuroflight/tools/pico/pico-sdk/lib/tinyusb/src/portable/raspberrypi/rp2040/dcd_rp2040.c.o
 .time_critical.hw_handle_buff_status
                0x2000027c       0xba CMakeFiles/neuroflight.dir/home/sanka/projects/neuroflight/tools/pico/pico-sdk/lib/tinyusb/src/portable/raspberrypi/rp2040/dcd_rp2040.c.o
 .time_critical.dcd_rp2040_irq
                0x20000336      0x566 CMakeFiles/neuroflight.dir/home/sanka/projects/neuroflight/tools/pico/pico-sdk/lib/tinyusb/src/portable/raspberrypi/rp2040/dcd_rp2040.c.o
 .time_critical.prepare_ep_buffer
                0x2000089c       0xec CMakeFiles/neuroflight.dir/home/sanka/projects/neuroflight/tools/pico/pico-sdk/lib/tinyusb/src/portable/raspberrypi/rp2040/rp2040_usb.c.o
 .time_critical.sync_ep_buffer
                0x20000988       0xd2 CMakeFiles/neuroflight.dir/home/sanka/projects/neuroflight/tools/pico/pico-sdk/lib/tinyusb/src/portable/raspberrypi/rp2040/rp2040_usb.c.o
 .time_critical._hw_endpoint_xfer_sync
                0x20000a5a       0x38 CMakeFiles/neuroflight.dir/home/sanka/projects/neuroflight/tools/pico/pico-sdk/lib/tinyusb/src/portable/raspberrypi/rp2040/rp2040_usb.c.o
 .time_critical.e15_is_bulkin_ep
                0x20000a92       0x2a CMakeFiles/neuroflight.dir/home/sanka/projects/neuroflight/tools/pico/pico-sdk/lib/tinyusb/src/portable/raspberrypi/rp2040/rp2040_usb.c.o
 .time_critical.e15_is_critical_frame_period
                0x20000abc       0x22 CMakeFiles/neuroflight.dir/home/sanka/projects/neuroflight/tools/pico/pico-sdk/lib/tinyusb/src/portable/raspberrypi/rp2040/rp2040_usb.c.o
 .time_critical.hw_endpoint_reset_transfer
                0x20000ade        0xe CMakeFiles/neuroflight.dir/home/sanka/projects/neuroflight/tools/pico/pico-sdk/lib/tinyusb/src/portable/raspberrypi/rp2040/rp2040_usb.c.o
                0x20000ade                hw_endpoint_reset_transfer
 .time_critical._hw_endpoint_buffer_control_update32
                0x20000aec       0x54 CMakeFiles/neuroflight.dir/home/sanka/projects/neuroflight/tools/pico/pico-sdk/lib/tinyusb/src/portable/raspberrypi/rp2040/rp2040_usb.c.o
                0x20000aec                _hw_endpoint_buffer_control_update32
 .time_critical.hw_endpoint_start_next_buffer
                0x20000b40       0x6c CMakeFiles/neuroflight.dir/home/sanka/projects/neuroflight/tools/pico/pico-sdk/lib/tinyusb/src/portable/raspberrypi/rp2040/rp2040_usb.c.o
                0x20000b40                hw_endpoint_start_next_buffer
 .time_critical.hw_endpoint_xfer_continue
                0x20000bac       0x5a CMakeFiles/neuroflight.dir/home/sanka/projects/neuroflight/tools/pico/pico-sdk/lib/tinyusb/src/portable/raspberrypi/rp2040/rp2040_usb.c.o
                0x20000bac                hw_endpoint_xfer_continue
 .time_critical.tinyusb
                0x20000c06      0x26c CMakeFiles/neuroflight.dir/home/sanka/projects/neuroflight/tools/pico/pico-sdk/lib/tinyusb/src/device/usbd.c.o
                0x20000c06                dcd_event_handler
 *(.text*)
                0x20000e74                        . = ALIGN (0x4)
 *fill*         0x20000e72        0x2 
 *(.rodata*)
                0x20000e74                        . = ALIGN (0x4)
 *(.data*)
 .data          0x20000e74       0x4a CMakeFiles/neuroflight.dir/home/sanka/projects/neuroflight/tools/pico/pico-sdk/src/rp2_common/hardware_irq/irq_handler_chain.S.o
                0x20000e74                irq_handler_chain_slots
                0x20000ea4                irq_handler_chain_first_slot
                0x20000eb0                irq_handler_chain_remove_tail
 *fill*         0x20000ebe        0x2 
 .data.default_alarm_pool
                0x20000ec0       0x18 CMakeFiles/neuroflight.dir/home/sanka/projects/neuroflight/tools/pico/pico-sdk/src/common/pico_time/time.c.o
 *fill*         0x20000ed8       0x28 
 .data          0x20000f00      0x1a8 CMakeFiles/neuroflight.dir/home/sanka/projects/neuroflight/tools/pico/pico-sdk/src/rp2_common/pico_crt0/crt0_riscv.S.o
                0x20000f00                __vectors
                0x20000f00                __VECTOR_TABLE
                0x20000f2c                isr_riscv_machine_external_irq
                0x20000fd0                __soft_vector_table
                0x200010a0                isr_riscv_machine_exception
                0x200010a0                isr_riscv_machine_timer
                0x200010a0                __default_isrs_start
                0x200010a2                isr_riscv_machine_soft_irq
                0x200010a4                __unhandled_user_irq
                0x200010a4                isr_irqIRQN
                0x200010a4                unhandled_user_irq_num_in_a0
                0x200010a8                __default_isrs_end
 .data.stdio_usb
                0x200010a8       0x18 CMakeFiles/neuroflight.dir/home/sanka/projects/neuroflight/tools/pico/pico-sdk/src/rp2_common/pico_stdio_usb/stdio_usb.c.o
                0x200010a8                stdio_usb
 .data._usbd_qdef
                0x200010c0       0x1c CMakeFiles/neuroflight.dir/home/sanka/projects/neuroflight/tools/pico/pico-sdk/lib/tinyusb/src/device/usbd.c.o
                0x200010c0                _usbd_qdef
 *(.sdata*)
 .sdata.striped_spin_lock_num
                0x200010dc        0x1 CMakeFiles/neuroflight.dir/home/sanka/projects/neuroflight/tools/pico/pico-sdk/src/rp2_common/hardware_sync/sync.c.o
 .sdata._usbd_rhport
                0x200010dd        0x1 CMakeFiles/neuroflight.dir/home/sanka/projects/neuroflight/tools/pico/pico-sdk/lib/tinyusb/src/device/usbd.c.o
                0x200010e0                        . = ALIGN (0x4)
 *fill*         0x200010de        0x2 
 *(.after_data.*)
                0x200010e0                        . = ALIGN (0x4)
                0x200010e0                        PROVIDE (__mutex_array_start = .)
 *(SORT_BY_NAME(.mutex_array.*))
 *(.mutex_array)
 .mutex_array   0x200010e0        0x8 CMakeFiles/neuroflight.dir/home/sanka/projects/neuroflight/tools/pico/pico-sdk/src/rp2_common/pico_stdio/stdio.c.o
                0x200010e8                        PROVIDE (__mutex_array_end = .)
 *(.jcr)
                0x200010e8                        . = ALIGN (0x4)

.tdata          0x200010e8        0x0 load address 0x100063c0
                0x200010e8                        . = ALIGN (0x4)
 *(.tdata .tdata.* .gnu.linkonce.td.*)
                0x200010e8                        __tdata_end = .
                0x200010e8                        PROVIDE (__data_end__ = .)
                0x100052d8                        __etext = LOADADDR (.data)

.tbss           0x200010e8        0x0 load address 0x100063c0
                0x200010e8                        . = ALIGN (0x4)
                0x200010e8                        __bss_start__ = .
                0x200010e8                        __tls_base = .
 *(.tbss .tbss.* .gnu.linkonce.tb.*)
 *(.tcommon)
                0x200010e8                        __tls_end = .

.bss            0x200010e8      0xc40 load address 0x100063c0
                0x200010e8                        . = ALIGN (0x4)
                0x200010e8                        __tbss_end = .
 *(SORT_BY_ALIGNMENT(SORT_BY_NAME(.bss*)))
 .bss.default_alarm_pool_entries
                0x200010e8      0x180 CMakeFiles/neuroflight.dir/home/sanka/projects/neuroflight/tools/pico/pico-sdk/src/common/pico_time/time.c.o
 .bss           0x20001268       0x1c /home/sanka/projects/neuroflight/tools/riscv-gnu-toolchain/build/lib/gcc/riscv32-unknown-elf/15.1.0/crtbegin.o
 .bss._cdcd_epbuf
                0x20001284       0x80 CMakeFiles/neuroflight.dir/home/sanka/projects/neuroflight/tools/pico/pico-sdk/lib/tinyusb/src/class/cdc/cdc_device.c.o
 .bss._cdcd_itf
                0x20001304       0xc8 CMakeFiles/neuroflight.dir/home/sanka/projects/neuroflight/tools/pico/pico-sdk/lib/tinyusb/src/class/cdc/cdc_device.c.o
 .bss._ctrl_epbuf
                0x200013cc       0x40 CMakeFiles/neuroflight.dir/home/sanka/projects/neuroflight/tools/pico/pico-sdk/lib/tinyusb/src/device/usbd_control.c.o
 .bss._ctrl_xfer
                0x2000140c       0x14 CMakeFiles/neuroflight.dir/home/sanka/projects/neuroflight/tools/pico/pico-sdk/lib/tinyusb/src/device/usbd_control.c.o
 .bss._sw_spin_locks
                0x20001420       0x20 CMakeFiles/neuroflight.dir/home/sanka/projects/neuroflight/tools/pico/pico-sdk/src/rp2_common/hardware_sync_spin_lock/sync_spin_lock.c.o
                0x20001420                _sw_spin_locks
 .bss._usbd_dev
                0x20001440       0x54 CMakeFiles/neuroflight.dir/home/sanka/projects/neuroflight/tools/pico/pico-sdk/lib/tinyusb/src/device/usbd.c.o
 .bss._usbd_qdef_buf
                0x20001494       0xc0 CMakeFiles/neuroflight.dir/home/sanka/projects/neuroflight/tools/pico/pico-sdk/lib/tinyusb/src/device/usbd.c.o
                0x20001494                _usbd_qdef_buf
 .bss._vendord_epbuf
                0x20001554       0x80 CMakeFiles/neuroflight.dir/home/sanka/projects/neuroflight/tools/pico/pico-sdk/lib/tinyusb/src/class/vendor/vendor_device.c.o
 .bss._vendord_itf
                0x200015d4      0x24c CMakeFiles/neuroflight.dir/home/sanka/projects/neuroflight/tools/pico/pico-sdk/lib/tinyusb/src/class/vendor/vendor_device.c.o
 .bss.configured_freq
                0x20001820       0x28 CMakeFiles/neuroflight.dir/home/sanka/projects/neuroflight/tools/pico/pico-sdk/src/rp2_common/hardware_clocks/clocks.c.o
 .bss.desc_str.0
                0x20001848       0x28 CMakeFiles/neuroflight.dir/home/sanka/projects/neuroflight/tools/pico/pico-sdk/src/rp2_common/pico_stdio_usb/stdio_usb_descriptors.c.o
 .bss.hw_endpoints
                0x20001870      0x400 CMakeFiles/neuroflight.dir/home/sanka/projects/neuroflight/tools/pico/pico-sdk/lib/tinyusb/src/portable/raspberrypi/rp2040/dcd_rp2040.c.o
 .bss.pools     0x20001c70       0x20 CMakeFiles/neuroflight.dir/home/sanka/projects/neuroflight/tools/pico/pico-sdk/src/common/pico_time/time.c.o
 .bss.usbd_serial_str
                0x20001c90       0x11 CMakeFiles/neuroflight.dir/home/sanka/projects/neuroflight/tools/pico/pico-sdk/src/rp2_common/pico_stdio_usb/stdio_usb_descriptors.c.o
 *(COMMON)
                0x200024a1                        PROVIDE (__global_pointer$ = (. + 0x800))
 *(.sbss*)
 *fill*         0x20001ca1        0x3 
 .sbss.claimed  0x20001ca4        0x4 CMakeFiles/neuroflight.dir/home/sanka/projects/neuroflight/tools/pico/pico-sdk/src/rp2_common/hardware_sync/sync.c.o
 .sbss.irq_handler_chain_free_slot_head
                0x20001ca8        0x1 CMakeFiles/neuroflight.dir/home/sanka/projects/neuroflight/tools/pico/pico-sdk/src/rp2_common/hardware_irq/irq.c.o
 .sbss.user_irq_claimed
                0x20001ca9        0x1 CMakeFiles/neuroflight.dir/home/sanka/projects/neuroflight/tools/pico/pico-sdk/src/rp2_common/hardware_irq/irq.c.o
 *fill*         0x20001caa        0x2 
 .sbss.sleep_notifier
                0x20001cac        0x4 CMakeFiles/neuroflight.dir/home/sanka/projects/neuroflight/tools/pico/pico-sdk/src/common/pico_time/time.c.o
 .sbss.claimed  0x20001cb0        0x2 CMakeFiles/neuroflight.dir/home/sanka/projects/neuroflight/tools/pico/pico-sdk/src/rp2_common/hardware_timer/timer.c.o
 *fill*         0x20001cb2        0x2 
 .sbss.load_value
                0x20001cb4        0x4 CMakeFiles/neuroflight.dir/home/sanka/projects/neuroflight/tools/pico/pico-sdk/src/rp2_common/hardware_watchdog/watchdog.c.o
 .sbss.lazy_vsnprintf
                0x20001cb8        0x4 CMakeFiles/neuroflight.dir/home/sanka/projects/neuroflight/tools/pico/pico-sdk/src/rp2_common/pico_printf/printf.c.o
 .sbss.filter   0x20001cbc        0x4 CMakeFiles/neuroflight.dir/home/sanka/projects/neuroflight/tools/pico/pico-sdk/src/rp2_common/pico_stdio/stdio.c.o
 .sbss.drivers  0x20001cc0        0x4 CMakeFiles/neuroflight.dir/home/sanka/projects/neuroflight/tools/pico/pico-sdk/src/rp2_common/pico_stdio/stdio.c.o
 .sbss.itf_num  0x20001cc4        0x1 CMakeFiles/neuroflight.dir/home/sanka/projects/neuroflight/tools/pico/pico-sdk/src/rp2_common/pico_stdio_usb/reset_interface.c.o
 *fill*         0x20001cc5        0x3 
 .sbss.last_avail_time.1
                0x20001cc8        0x8 CMakeFiles/neuroflight.dir/home/sanka/projects/neuroflight/tools/pico/pico-sdk/src/rp2_common/pico_stdio_usb/stdio_usb.c.o
 .sbss.low_priority_irq_num
                0x20001cd0        0x1 CMakeFiles/neuroflight.dir/home/sanka/projects/neuroflight/tools/pico/pico-sdk/src/rp2_common/pico_stdio_usb/stdio_usb.c.o
 .sbss.one_shot_timer_pending
                0x20001cd1        0x1 CMakeFiles/neuroflight.dir/home/sanka/projects/neuroflight/tools/pico/pico-sdk/src/rp2_common/pico_stdio_usb/stdio_usb.c.o
 *fill*         0x20001cd2        0x2 
 .sbss.one_shot_timer_crit_sec
                0x20001cd4        0x8 CMakeFiles/neuroflight.dir/home/sanka/projects/neuroflight/tools/pico/pico-sdk/src/rp2_common/pico_stdio_usb/stdio_usb.c.o
 .sbss.chars_available_param
                0x20001cdc        0x4 CMakeFiles/neuroflight.dir/home/sanka/projects/neuroflight/tools/pico/pico-sdk/src/rp2_common/pico_stdio_usb/stdio_usb.c.o
 .sbss.chars_available_callback
                0x20001ce0        0x4 CMakeFiles/neuroflight.dir/home/sanka/projects/neuroflight/tools/pico/pico-sdk/src/rp2_common/pico_stdio_usb/stdio_usb.c.o
 .sbss.stdio_usb_mutex
                0x20001ce4        0x8 CMakeFiles/neuroflight.dir/home/sanka/projects/neuroflight/tools/pico/pico-sdk/src/rp2_common/pico_stdio_usb/stdio_usb.c.o
 .sbss.retrieved_id
                0x20001cec        0x8 CMakeFiles/neuroflight.dir/home/sanka/projects/neuroflight/tools/pico/pico-sdk/src/rp2_common/pico_unique_id/unique_id.c.o
 .sbss._sof_enable
                0x20001cf4        0x1 CMakeFiles/neuroflight.dir/home/sanka/projects/neuroflight/tools/pico/pico-sdk/lib/tinyusb/src/portable/raspberrypi/rp2040/dcd_rp2040.c.o
 *fill*         0x20001cf5        0x3 
 .sbss.next_buffer_ptr
                0x20001cf8        0x4 CMakeFiles/neuroflight.dir/home/sanka/projects/neuroflight/tools/pico/pico-sdk/lib/tinyusb/src/portable/raspberrypi/rp2040/dcd_rp2040.c.o
 .sbss.e15_last_sof
                0x20001cfc        0x4 CMakeFiles/neuroflight.dir/home/sanka/projects/neuroflight/tools/pico/pico-sdk/lib/tinyusb/src/portable/raspberrypi/rp2040/rp2040_usb.c.o
                0x20001cfc                e15_last_sof
 .sbss._usbd_mutex
                0x20001d00        0x4 CMakeFiles/neuroflight.dir/home/sanka/projects/neuroflight/tools/pico/pico-sdk/lib/tinyusb/src/device/usbd.c.o
 .sbss._ubsd_mutexdef
                0x20001d04        0x8 CMakeFiles/neuroflight.dir/home/sanka/projects/neuroflight/tools/pico/pico-sdk/lib/tinyusb/src/device/usbd.c.o
 .sbss._usbd_q  0x20001d0c        0x4 CMakeFiles/neuroflight.dir/home/sanka/projects/neuroflight/tools/pico/pico-sdk/lib/tinyusb/src/device/usbd.c.o
 .sbss._app_driver_count
                0x20001d10        0x1 CMakeFiles/neuroflight.dir/home/sanka/projects/neuroflight/tools/pico/pico-sdk/lib/tinyusb/src/device/usbd.c.o
 *fill*         0x20001d11        0x3 
 .sbss._app_driver
                0x20001d14        0x4 CMakeFiles/neuroflight.dir/home/sanka/projects/neuroflight/tools/pico/pico-sdk/lib/tinyusb/src/device/usbd.c.o
 .sbss._usbd_queued_setup
                0x20001d18        0x1 CMakeFiles/neuroflight.dir/home/sanka/projects/neuroflight/tools/pico/pico-sdk/lib/tinyusb/src/device/usbd.c.o
 *fill*         0x20001d19        0x3 
 .sbss._cdcd_fifo_cfg
                0x20001d1c        0x1 CMakeFiles/neuroflight.dir/home/sanka/projects/neuroflight/tools/pico/pico-sdk/lib/tinyusb/src/class/cdc/cdc_device.c.o
 *fill*         0x20001d1d        0x3 
 .sbss._tusb_rhport_role
                0x20001d20        0x8 CMakeFiles/neuroflight.dir/home/sanka/projects/neuroflight/tools/pico/pico-sdk/lib/tinyusb/src/tusb.c.o
                0x20001d20                _tusb_rhport_role
                0x20001d28                        . = ALIGN (0x4)
                0x20001d28                        __bss_end__ = .

.heap           0x20001d28      0x800 load address 0x100063c0
                0x20001d28                        __end__ = .
                0x20001d28                        end = __end__
 *(.heap*)
 .heap          0x20001d28      0x800 CMakeFiles/neuroflight.dir/home/sanka/projects/neuroflight/tools/pico/pico-sdk/src/rp2_common/pico_crt0/crt0_riscv.S.o
                0x20080000                        __HeapLimit = (ORIGIN (RAM) + LENGTH (RAM))

.scratch_x      0x20080000        0x0 load address 0x100063c0
                0x20080000                        __scratch_x_start__ = .
 *(.scratch_x.*)
                0x20080000                        . = ALIGN (0x4)
                0x20080000                        __scratch_x_end__ = .
                0x100063c0                        __scratch_x_source__ = LOADADDR (.scratch_x)

.scratch_y      0x20081000        0x0 load address 0x100063c0
                0x20081000                        __scratch_y_start__ = .
 *(.scratch_y.*)
                0x20081000                        . = ALIGN (0x4)
                0x20081000                        __scratch_y_end__ = .
                0x100063c0                        __scratch_y_source__ = LOADADDR (.scratch_y)

.stack1_dummy
 *(.stack1*)

.stack_dummy    0x20081000      0x800
 *(.stack*)
 .stack         0x20081000      0x800 CMakeFiles/neuroflight.dir/home/sanka/projects/neuroflight/tools/pico/pico-sdk/src/rp2_common/pico_crt0/crt0_riscv.S.o

.flash_end      0x100063c0       0x14
 *(.embedded_end_block*)
 .embedded_end_block
                0x100063c0       0x14 CMakeFiles/neuroflight.dir/home/sanka/projects/neuroflight/tools/pico/pico-sdk/src/rp2_common/pico_crt0/crt0_riscv.S.o
                0x100063d4                        PROVIDE (__flash_binary_end = .)
                0x20080000                        __StackLimit = (ORIGIN (RAM) + LENGTH (RAM))
                0x20081000                        __StackOneTop = (ORIGIN (SCRATCH_X) + LENGTH (SCRATCH_X))
                0x20082000                        __StackTop = (ORIGIN (SCRATCH_Y) + LENGTH (SCRATCH_Y))
                0x20081000                        __StackOneBottom = (__StackOneTop - SIZEOF (.stack1_dummy))
                0x20081800                        __StackBottom = (__StackTop - SIZEOF (.stack_dummy))
                [!provide]                        PROVIDE (__stack = __StackTop)
                [!provide]                        PROVIDE (__heap_start = __end__)
                [!provide]                        PROVIDE (__heap_end = __HeapLimit)
                [!provide]                        PROVIDE (__tls_align = MAX (ALIGNOF (.tdata), ALIGNOF (.tbss)))
                [!provide]                        PROVIDE (__tls_size_align = (((__tls_size + __tls_align) - 0x1) & ~ ((__tls_align - 0x1))))
                [!provide]                        PROVIDE (__arm32_tls_tcb_offset = MAX (0x8, __tls_align))
                0x20001d28                        PROVIDE (_end = __end__)
                [!provide]                        PROVIDE (__llvm_libc_heap_limit = __HeapLimit)
                0x00000001                        ASSERT ((__StackLimit >= __HeapLimit), region RAM overflowed)
                0x00000001                        ASSERT (((__binary_info_header_end - __logical_binary_start) <= 0x400), Binary info must be in first 1024 bytes of the binary)
                0x00000001                        ASSERT (((__embedded_block_end - __logical_binary_start) <= 0x1000), Embedded block must be in first 4096 bytes of the binary)
LOAD CMakeFiles/neuroflight.dir/src/main.c.o
LOAD CMakeFiles/neuroflight.dir/home/sanka/projects/neuroflight/tools/pico/pico-sdk/src/rp2_common/pico_stdlib/stdlib.c.o
LOAD CMakeFiles/neuroflight.dir/home/sanka/projects/neuroflight/tools/pico/pico-sdk/src/rp2_common/hardware_gpio/gpio.c.o
LOAD CMakeFiles/neuroflight.dir/home/sanka/projects/neuroflight/tools/pico/pico-sdk/src/rp2350/pico_platform/platform.c.o
LOAD CMakeFiles/neuroflight.dir/home/sanka/projects/neuroflight/tools/pico/pico-sdk/src/rp2_common/pico_platform_common/common.c.o
LOAD CMakeFiles/neuroflight.dir/home/sanka/projects/neuroflight/tools/pico/pico-sdk/src/rp2_common/pico_platform_panic/panic.c.o
LOAD CMakeFiles/neuroflight.dir/home/sanka/projects/neuroflight/tools/pico/pico-sdk/src/common/hardware_claim/claim.c.o
LOAD CMakeFiles/neuroflight.dir/home/sanka/projects/neuroflight/tools/pico/pico-sdk/src/rp2_common/hardware_sync/sync.c.o
LOAD CMakeFiles/neuroflight.dir/home/sanka/projects/neuroflight/tools/pico/pico-sdk/src/rp2_common/hardware_sync_spin_lock/sync_spin_lock.c.o
LOAD CMakeFiles/neuroflight.dir/home/sanka/projects/neuroflight/tools/pico/pico-sdk/src/rp2_common/hardware_irq/irq.c.o
LOAD CMakeFiles/neuroflight.dir/home/sanka/projects/neuroflight/tools/pico/pico-sdk/src/rp2_common/hardware_irq/irq_handler_chain.S.o
LOAD CMakeFiles/neuroflight.dir/home/sanka/projects/neuroflight/tools/pico/pico-sdk/src/common/pico_sync/sem.c.o
LOAD CMakeFiles/neuroflight.dir/home/sanka/projects/neuroflight/tools/pico/pico-sdk/src/common/pico_sync/lock_core.c.o
LOAD CMakeFiles/neuroflight.dir/home/sanka/projects/neuroflight/tools/pico/pico-sdk/src/common/pico_sync/mutex.c.o
LOAD CMakeFiles/neuroflight.dir/home/sanka/projects/neuroflight/tools/pico/pico-sdk/src/common/pico_sync/critical_section.c.o
LOAD CMakeFiles/neuroflight.dir/home/sanka/projects/neuroflight/tools/pico/pico-sdk/src/common/pico_time/time.c.o
LOAD CMakeFiles/neuroflight.dir/home/sanka/projects/neuroflight/tools/pico/pico-sdk/src/common/pico_time/timeout_helper.c.o
LOAD CMakeFiles/neuroflight.dir/home/sanka/projects/neuroflight/tools/pico/pico-sdk/src/rp2_common/hardware_timer/timer.c.o
LOAD CMakeFiles/neuroflight.dir/home/sanka/projects/neuroflight/tools/pico/pico-sdk/src/common/pico_util/datetime.c.o
LOAD CMakeFiles/neuroflight.dir/home/sanka/projects/neuroflight/tools/pico/pico-sdk/src/common/pico_util/pheap.c.o
LOAD CMakeFiles/neuroflight.dir/home/sanka/projects/neuroflight/tools/pico/pico-sdk/src/common/pico_util/queue.c.o
LOAD CMakeFiles/neuroflight.dir/home/sanka/projects/neuroflight/tools/pico/pico-sdk/src/rp2_common/hardware_uart/uart.c.o
LOAD CMakeFiles/neuroflight.dir/home/sanka/projects/neuroflight/tools/pico/pico-sdk/src/rp2_common/hardware_clocks/clocks.c.o
LOAD CMakeFiles/neuroflight.dir/home/sanka/projects/neuroflight/tools/pico/pico-sdk/src/rp2_common/hardware_pll/pll.c.o
LOAD CMakeFiles/neuroflight.dir/home/sanka/projects/neuroflight/tools/pico/pico-sdk/src/rp2_common/hardware_vreg/vreg.c.o
LOAD CMakeFiles/neuroflight.dir/home/sanka/projects/neuroflight/tools/pico/pico-sdk/src/rp2_common/hardware_watchdog/watchdog.c.o
LOAD CMakeFiles/neuroflight.dir/home/sanka/projects/neuroflight/tools/pico/pico-sdk/src/rp2_common/hardware_ticks/ticks.c.o
LOAD CMakeFiles/neuroflight.dir/home/sanka/projects/neuroflight/tools/pico/pico-sdk/src/rp2_common/pico_bootrom/bootrom.c.o
LOAD CMakeFiles/neuroflight.dir/home/sanka/projects/neuroflight/tools/pico/pico-sdk/src/rp2_common/pico_bootrom/bootrom_lock.c.o
LOAD CMakeFiles/neuroflight.dir/home/sanka/projects/neuroflight/tools/pico/pico-sdk/src/rp2_common/hardware_boot_lock/boot_lock.c.o
LOAD CMakeFiles/neuroflight.dir/home/sanka/projects/neuroflight/tools/pico/pico-sdk/src/rp2_common/pico_flash/flash.c.o
LOAD CMakeFiles/neuroflight.dir/home/sanka/projects/neuroflight/tools/pico/pico-sdk/src/rp2_common/hardware_xosc/xosc.c.o
LOAD CMakeFiles/neuroflight.dir/home/sanka/projects/neuroflight/tools/pico/pico-sdk/src/rp2_common/hardware_divider/divider.c.o
LOAD CMakeFiles/neuroflight.dir/home/sanka/projects/neuroflight/tools/pico/pico-sdk/src/rp2_common/pico_runtime/runtime.c.o
LOAD CMakeFiles/neuroflight.dir/home/sanka/projects/neuroflight/tools/pico/pico-sdk/src/rp2_common/pico_runtime_init/runtime_init.c.o
LOAD CMakeFiles/neuroflight.dir/home/sanka/projects/neuroflight/tools/pico/pico-sdk/src/rp2_common/pico_runtime_init/runtime_init_clocks.c.o
LOAD CMakeFiles/neuroflight.dir/home/sanka/projects/neuroflight/tools/pico/pico-sdk/src/rp2_common/pico_runtime_init/runtime_init_stack_guard.c.o
LOAD CMakeFiles/neuroflight.dir/home/sanka/projects/neuroflight/tools/pico/pico-sdk/src/rp2_common/pico_bit_ops/bit_ops_aeabi.S.o
LOAD CMakeFiles/neuroflight.dir/home/sanka/projects/neuroflight/tools/pico/pico-sdk/src/rp2_common/pico_divider/divider_compiler.c.o
LOAD CMakeFiles/neuroflight.dir/home/sanka/projects/neuroflight/tools/pico/pico-sdk/src/rp2_common/pico_float/float_single_hazard3.S.o
LOAD CMakeFiles/neuroflight.dir/home/sanka/projects/neuroflight/tools/pico/pico-sdk/src/rp2_common/pico_malloc/malloc.c.o
LOAD CMakeFiles/neuroflight.dir/home/sanka/projects/neuroflight/tools/pico/pico-sdk/src/rp2_common/pico_atomic/atomic.c.o
LOAD CMakeFiles/neuroflight.dir/home/sanka/projects/neuroflight/tools/pico/pico-sdk/src/rp2_common/pico_cxx_options/new_delete.cpp.o
LOAD CMakeFiles/neuroflight.dir/home/sanka/projects/neuroflight/tools/pico/pico-sdk/src/rp2_common/pico_standard_binary_info/standard_binary_info.c.o
LOAD CMakeFiles/neuroflight.dir/home/sanka/projects/neuroflight/tools/pico/pico-sdk/src/rp2_common/pico_printf/printf.c.o
LOAD CMakeFiles/neuroflight.dir/home/sanka/projects/neuroflight/tools/pico/pico-sdk/src/rp2_common/pico_crt0/crt0_riscv.S.o
LOAD CMakeFiles/neuroflight.dir/home/sanka/projects/neuroflight/tools/pico/pico-sdk/src/rp2_common/pico_clib_interface/newlib_interface.c.o
LOAD CMakeFiles/neuroflight.dir/home/sanka/projects/neuroflight/tools/pico/pico-sdk/src/rp2_common/pico_stdio/stdio.c.o
LOAD CMakeFiles/neuroflight.dir/home/sanka/projects/neuroflight/tools/pico/pico-sdk/src/rp2_common/pico_stdio_usb/reset_interface.c.o
LOAD CMakeFiles/neuroflight.dir/home/sanka/projects/neuroflight/tools/pico/pico-sdk/src/rp2_common/pico_stdio_usb/stdio_usb.c.o
LOAD CMakeFiles/neuroflight.dir/home/sanka/projects/neuroflight/tools/pico/pico-sdk/src/rp2_common/pico_stdio_usb/stdio_usb_descriptors.c.o
LOAD CMakeFiles/neuroflight.dir/home/sanka/projects/neuroflight/tools/pico/pico-sdk/src/rp2_common/pico_unique_id/unique_id.c.o
LOAD CMakeFiles/neuroflight.dir/home/sanka/projects/neuroflight/tools/pico/pico-sdk/src/rp2_common/hardware_flash/flash.c.o
LOAD CMakeFiles/neuroflight.dir/home/sanka/projects/neuroflight/tools/pico/pico-sdk/src/rp2_common/hardware_xip_cache/xip_cache.c.o
LOAD CMakeFiles/neuroflight.dir/home/sanka/projects/neuroflight/tools/pico/pico-sdk/lib/tinyusb/src/portable/raspberrypi/rp2040/dcd_rp2040.c.o
LOAD CMakeFiles/neuroflight.dir/home/sanka/projects/neuroflight/tools/pico/pico-sdk/lib/tinyusb/src/portable/raspberrypi/rp2040/rp2040_usb.c.o
LOAD CMakeFiles/neuroflight.dir/home/sanka/projects/neuroflight/tools/pico/pico-sdk/lib/tinyusb/src/device/usbd.c.o
LOAD CMakeFiles/neuroflight.dir/home/sanka/projects/neuroflight/tools/pico/pico-sdk/lib/tinyusb/src/device/usbd_control.c.o
LOAD CMakeFiles/neuroflight.dir/home/sanka/projects/neuroflight/tools/pico/pico-sdk/lib/tinyusb/src/class/audio/audio_device.c.o
LOAD CMakeFiles/neuroflight.dir/home/sanka/projects/neuroflight/tools/pico/pico-sdk/lib/tinyusb/src/class/cdc/cdc_device.c.o
LOAD CMakeFiles/neuroflight.dir/home/sanka/projects/neuroflight/tools/pico/pico-sdk/lib/tinyusb/src/class/dfu/dfu_device.c.o
LOAD CMakeFiles/neuroflight.dir/home/sanka/projects/neuroflight/tools/pico/pico-sdk/lib/tinyusb/src/class/dfu/dfu_rt_device.c.o
LOAD CMakeFiles/neuroflight.dir/home/sanka/projects/neuroflight/tools/pico/pico-sdk/lib/tinyusb/src/class/hid/hid_device.c.o
LOAD CMakeFiles/neuroflight.dir/home/sanka/projects/neuroflight/tools/pico/pico-sdk/lib/tinyusb/src/class/midi/midi_device.c.o
LOAD CMakeFiles/neuroflight.dir/home/sanka/projects/neuroflight/tools/pico/pico-sdk/lib/tinyusb/src/class/msc/msc_device.c.o
LOAD CMakeFiles/neuroflight.dir/home/sanka/projects/neuroflight/tools/pico/pico-sdk/lib/tinyusb/src/class/net/ecm_rndis_device.c.o
LOAD CMakeFiles/neuroflight.dir/home/sanka/projects/neuroflight/tools/pico/pico-sdk/lib/tinyusb/src/class/net/ncm_device.c.o
LOAD CMakeFiles/neuroflight.dir/home/sanka/projects/neuroflight/tools/pico/pico-sdk/lib/tinyusb/src/class/usbtmc/usbtmc_device.c.o
LOAD CMakeFiles/neuroflight.dir/home/sanka/projects/neuroflight/tools/pico/pico-sdk/lib/tinyusb/src/class/vendor/vendor_device.c.o
LOAD CMakeFiles/neuroflight.dir/home/sanka/projects/neuroflight/tools/pico/pico-sdk/lib/tinyusb/src/class/video/video_device.c.o
LOAD CMakeFiles/neuroflight.dir/home/sanka/projects/neuroflight/tools/pico/pico-sdk/lib/tinyusb/src/tusb.c.o
LOAD CMakeFiles/neuroflight.dir/home/sanka/projects/neuroflight/tools/pico/pico-sdk/lib/tinyusb/src/common/tusb_fifo.c.o
LOAD CMakeFiles/neuroflight.dir/home/sanka/projects/neuroflight/tools/pico/pico-sdk/src/rp2_common/pico_fix/rp2040_usb_device_enumeration/rp2040_usb_device_enumeration.c.o
LOAD pico-sdk/src/rp2350/boot_stage2/CMakeFiles/bs2_default_library.dir/bs2_default_padded_checksummed.S.o
LOAD /home/sanka/projects/neuroflight/tools/riscv-gnu-toolchain/build/lib/gcc/riscv32-unknown-elf/15.1.0/../../../../riscv32-unknown-elf/lib/libstdc++.a
LOAD /home/sanka/projects/neuroflight/tools/riscv-gnu-toolchain/build/lib/gcc/riscv32-unknown-elf/15.1.0/../../../../riscv32-unknown-elf/lib/libm.a
LOAD /home/sanka/projects/neuroflight/tools/riscv-gnu-toolchain/build/lib/gcc/riscv32-unknown-elf/15.1.0/libgcc.a
START GROUP
LOAD /home/sanka/projects/neuroflight/tools/riscv-gnu-toolchain/build/lib/gcc/riscv32-unknown-elf/15.1.0/../../../../riscv32-unknown-elf/lib/libc.a
END GROUP
LOAD /home/sanka/projects/neuroflight/tools/riscv-gnu-toolchain/build/lib/gcc/riscv32-unknown-elf/15.1.0/libgcc.a
START GROUP
LOAD /home/sanka/projects/neuroflight/tools/riscv-gnu-toolchain/build/lib/gcc/riscv32-unknown-elf/15.1.0/libgcc.a
LOAD /home/sanka/projects/neuroflight/tools/riscv-gnu-toolchain/build/lib/gcc/riscv32-unknown-elf/15.1.0/../../../../riscv32-unknown-elf/lib/libc.a
LOAD /home/sanka/projects/neuroflight/tools/riscv-gnu-toolchain/build/lib/gcc/riscv32-unknown-elf/15.1.0/../../../../riscv32-unknown-elf/lib/libnosys.a
END GROUP
LOAD /home/sanka/projects/neuroflight/tools/riscv-gnu-toolchain/build/lib/gcc/riscv32-unknown-elf/15.1.0/crtend.o
OUTPUT(neuroflight.elf elf32-littleriscv)

.rela.dyn       0x100063d4        0x0
 .rela.text     0x100063d4        0x0 /home/sanka/projects/neuroflight/tools/riscv-gnu-toolchain/build/lib/gcc/riscv32-unknown-elf/15.1.0/crtbegin.o
 .rela.preinit_array.ZZZZZ.01200
                0x100063d4        0x0 /home/sanka/projects/neuroflight/tools/riscv-gnu-toolchain/build/lib/gcc/riscv32-unknown-elf/15.1.0/crtbegin.o
 .rela.text.runtime_init_mutex
                0x100063d4        0x0 /home/sanka/projects/neuroflight/tools/riscv-gnu-toolchain/build/lib/gcc/riscv32-unknown-elf/15.1.0/crtbegin.o
 .rela.preinit_array.01100
                0x100063d4        0x0 /home/sanka/projects/neuroflight/tools/riscv-gnu-toolchain/build/lib/gcc/riscv32-unknown-elf/15.1.0/crtbegin.o
 .rela.preinit_array.11000
                0x100063d4        0x0 /home/sanka/projects/neuroflight/tools/riscv-gnu-toolchain/build/lib/gcc/riscv32-unknown-elf/15.1.0/crtbegin.o
 .rela.preinit_array.01010
                0x100063d4        0x0 /home/sanka/projects/neuroflight/tools/riscv-gnu-toolchain/build/lib/gcc/riscv32-unknown-elf/15.1.0/crtbegin.o
 .rela.preinit_array.01000
                0x100063d4        0x0 /home/sanka/projects/neuroflight/tools/riscv-gnu-toolchain/build/lib/gcc/riscv32-unknown-elf/15.1.0/crtbegin.o
 .rela.text.runtime_run_initializers
                0x100063d4        0x0 /home/sanka/projects/neuroflight/tools/riscv-gnu-toolchain/build/lib/gcc/riscv32-unknown-elf/15.1.0/crtbegin.o
 .rela.preinit_array.00600
                0x100063d4        0x0 /home/sanka/projects/neuroflight/tools/riscv-gnu-toolchain/build/lib/gcc/riscv32-unknown-elf/15.1.0/crtbegin.o
 .rela.preinit_array.00500
                0x100063d4        0x0 /home/sanka/projects/neuroflight/tools/riscv-gnu-toolchain/build/lib/gcc/riscv32-unknown-elf/15.1.0/crtbegin.o
 .rela.preinit_array.00101
                0x100063d4        0x0 /home/sanka/projects/neuroflight/tools/riscv-gnu-toolchain/build/lib/gcc/riscv32-unknown-elf/15.1.0/crtbegin.o
 .rela.preinit_array.00100
                0x100063d4        0x0 /home/sanka/projects/neuroflight/tools/riscv-gnu-toolchain/build/lib/gcc/riscv32-unknown-elf/15.1.0/crtbegin.o
 .rela.preinit_array.ZZZZZ.00051
                0x100063d4        0x0 /home/sanka/projects/neuroflight/tools/riscv-gnu-toolchain/build/lib/gcc/riscv32-unknown-elf/15.1.0/crtbegin.o
 .rela.preinit_array.00050
                0x100063d4        0x0 /home/sanka/projects/neuroflight/tools/riscv-gnu-toolchain/build/lib/gcc/riscv32-unknown-elf/15.1.0/crtbegin.o
 .rela.rodata.__bi_26
                0x100063d4        0x0 /home/sanka/projects/neuroflight/tools/riscv-gnu-toolchain/build/lib/gcc/riscv32-unknown-elf/15.1.0/crtbegin.o
 .rela.data     0x100063d4        0x0 /home/sanka/projects/neuroflight/tools/riscv-gnu-toolchain/build/lib/gcc/riscv32-unknown-elf/15.1.0/crtbegin.o
 .rela.binary_info_header
                0x100063d4        0x0 /home/sanka/projects/neuroflight/tools/riscv-gnu-toolchain/build/lib/gcc/riscv32-unknown-elf/15.1.0/crtbegin.o
 .rela.reset    0x100063d4        0x0 /home/sanka/projects/neuroflight/tools/riscv-gnu-toolchain/build/lib/gcc/riscv32-unknown-elf/15.1.0/crtbegin.o
 .rela.text.runtime_init
                0x100063d4        0x0 /home/sanka/projects/neuroflight/tools/riscv-gnu-toolchain/build/lib/gcc/riscv32-unknown-elf/15.1.0/crtbegin.o
 .rela.text.tud_rhport_init
                0x100063d4        0x0 /home/sanka/projects/neuroflight/tools/riscv-gnu-toolchain/build/lib/gcc/riscv32-unknown-elf/15.1.0/crtbegin.o
 .rela.text.cdcd_control_xfer_cb
                0x100063d4        0x0 /home/sanka/projects/neuroflight/tools/riscv-gnu-toolchain/build/lib/gcc/riscv32-unknown-elf/15.1.0/crtbegin.o
 .rela.text.cdcd_xfer_cb
                0x100063d4        0x0 /home/sanka/projects/neuroflight/tools/riscv-gnu-toolchain/build/lib/gcc/riscv32-unknown-elf/15.1.0/crtbegin.o
 .rela.text.vendord_xfer_cb
                0x100063d4        0x0 /home/sanka/projects/neuroflight/tools/riscv-gnu-toolchain/build/lib/gcc/riscv32-unknown-elf/15.1.0/crtbegin.o

.comment        0x00000000       0x2d
 .comment       0x00000000       0x2d /home/sanka/projects/neuroflight/tools/riscv-gnu-toolchain/build/lib/gcc/riscv32-unknown-elf/15.1.0/crtbegin.o
                                 0x1c (size before relaxing)
 .comment       0x0000002d        0x0 CMakeFiles/neuroflight.dir/src/main.c.o
                                 0x1c (size before relaxing)
 .comment       0x0000002d        0x0 CMakeFiles/neuroflight.dir/home/sanka/projects/neuroflight/tools/pico/pico-sdk/src/rp2_common/hardware_gpio/gpio.c.o
                                 0x1c (size before relaxing)
 .comment       0x0000002d        0x0 CMakeFiles/neuroflight.dir/home/sanka/projects/neuroflight/tools/pico/pico-sdk/src/rp2_common/pico_platform_panic/panic.c.o
                                 0x1c (size before relaxing)
 .comment       0x0000002d        0x0 CMakeFiles/neuroflight.dir/home/sanka/projects/neuroflight/tools/pico/pico-sdk/src/common/hardware_claim/claim.c.o
                                 0x1c (size before relaxing)
 .comment       0x0000002d        0x0 CMakeFiles/neuroflight.dir/home/sanka/projects/neuroflight/tools/pico/pico-sdk/src/rp2_common/hardware_sync/sync.c.o
                                 0x1c (size before relaxing)
 .comment       0x0000002d        0x0 CMakeFiles/neuroflight.dir/home/sanka/projects/neuroflight/tools/pico/pico-sdk/src/rp2_common/hardware_sync_spin_lock/sync_spin_lock.c.o
                                 0x1c (size before relaxing)
 .comment       0x0000002d        0x0 CMakeFiles/neuroflight.dir/home/sanka/projects/neuroflight/tools/pico/pico-sdk/src/rp2_common/hardware_irq/irq.c.o
                                 0x1c (size before relaxing)
 .comment       0x0000002d        0x0 CMakeFiles/neuroflight.dir/home/sanka/projects/neuroflight/tools/pico/pico-sdk/src/common/pico_sync/lock_core.c.o
                                 0x1c (size before relaxing)
 .comment       0x0000002d        0x0 CMakeFiles/neuroflight.dir/home/sanka/projects/neuroflight/tools/pico/pico-sdk/src/common/pico_sync/mutex.c.o
                                 0x1c (size before relaxing)
 .comment       0x0000002d        0x0 CMakeFiles/neuroflight.dir/home/sanka/projects/neuroflight/tools/pico/pico-sdk/src/common/pico_sync/critical_section.c.o
                                 0x1c (size before relaxing)